== timestamp ==
2025-12-26T08:54:33+00:00
== user/host/pwd ==
ubuntu
instance-t15unnz4-main
/home/ubuntu

$ uname -a
Linux instance-t15unnz4-main 6.14.0-35-generic #35~24.04.1-Ubuntu SMP PREEMPT_DYNAMIC Tue Oct 14 13:55:17 UTC 2 x86_64 x86_64 x86_64 GNU/Linux

$ cat /etc/os-release
[38;2;0;183;235m[36m                         â–’â–’  [0m
[38;2;0;183;235m[36m                      â–’â–’â–’    [0m
[38;2;0;183;235m[36m                   â–’â–’â–’â–’â–’     [0m
[38;2;0;183;235m[36m               â–’â–’â–’â–’â–’â–’â–’â–’      [38;2;0;183;235m[36m     â•­â”€â”€â”€â”€â”€â”€â”€â”€â”€â”€â”€â”€â”€â”€â”€â”€â”€â”€â”€â”€â”€â”€â”€â”€â”€â”€â”€â”€â”€â”€â”€â”€â”€â”€â”€â•®[0m
[38;2;0;183;235m[36m            â–’â–’â–’â–’â–’â–’â–’â–’â–’        [38;2;0;183;235m[36m     â”‚    Welcome to Thunder Compute!    â”‚[0m
[38;2;0;183;235m[36m        â–’â–’â–’â–’â–’â–’â–’â–’â–’â–’â–’â–’â–’â–’â–’â–’â–’â–’â–’â–’ [38;2;0;183;235m[36m     â”‚    For help, join our Discord:    â”‚[0m
[38;2;0;183;235m[36m                      â–’â–’â–’    [38;2;0;183;235m[36m     â”‚       [37mdiscord.gg/nwuETS9jJK[38;2;0;183;235m[36m       â”‚[0m
[38;2;0;183;235m[36m â–’â–’â–’â–’â–’â–’â–’â–’â–’â–’â–’â–’â–’â–’â–’â–’   â–’â–’â–’      [38;2;0;183;235m[36m     â•°â”€â”€â”€â”€â”€â”€â”€â”€â”€â”€â”€â”€â”€â”€â”€â”€â”€â”€â”€â”€â”€â”€â”€â”€â”€â”€â”€â”€â”€â”€â”€â”€â”€â”€â”€â•¯[0m
[38;2;0;183;235m[36m             â–’â–’â–’  â–’â–’â–’        [0m
[38;2;0;183;235m[36m            â–’â–’â–’â–’â–’â–’â–’          [37m     OS:      Ubuntu 22.04.5 LTS x86_64[0m
[38;2;0;183;235m[36m          â–’â–’â–’â–’â–’â–’â–’            [37m     Shell:   /bin/bash[0m
[38;2;0;183;235m[36m         â–’â–’â–’â–’â–’â–’              [37m     GPU:     Unknown[0m
[38;2;0;183;235m[36m        â–’â–’â–’â–’                 [37m     CPU:     72 vCPUs[0m
[38;2;0;183;235m[36m      â–’â–’â–’â–’                   [37m     Storage: 590G free of 688G[0m
[38;2;0;183;235m[36m     â–’â–’â–’                     [37m     Memory:  547 GB[0m
[38;2;0;183;235m[36m   â–’â–’â–’                       [37m     Mode:    Production[0m
[38;2;0;183;235m[36m  â–’â–’                         [0m
[38;2;0;183;235m[36m â–’                           [0m

[31m    WARNING: Storage is ephemeral and will be deleted on shutdown or crash.

PRETTY_NAME="Ubuntu 22.04.5 LTS"
NAME="Ubuntu"
VERSION_ID="22.04"
VERSION="22.04.5 LTS (Jammy Jellyfish)"
VERSION_CODENAME=jammy
ID=ubuntu
ID_LIKE=debian
HOME_URL="https://www.ubuntu.com/"
SUPPORT_URL="https://help.ubuntu.com/"
BUG_REPORT_URL="https://bugs.launchpad.net/ubuntu/"
PRIVACY_POLICY_URL="https://www.ubuntu.com/legal/terms-and-policies/privacy-policy"
UBUNTU_CODENAME=jammy

$ lsb_release -a
[38;2;0;183;235m[36m                         â–’â–’  [0m
[38;2;0;183;235m[36m                      â–’â–’â–’    [0m
[38;2;0;183;235m[36m                   â–’â–’â–’â–’â–’     [0m
[38;2;0;183;235m[36m               â–’â–’â–’â–’â–’â–’â–’â–’      [38;2;0;183;235m[36m     â•­â”€â”€â”€â”€â”€â”€â”€â”€â”€â”€â”€â”€â”€â”€â”€â”€â”€â”€â”€â”€â”€â”€â”€â”€â”€â”€â”€â”€â”€â”€â”€â”€â”€â”€â”€â•®[0m
[38;2;0;183;235m[36m            â–’â–’â–’â–’â–’â–’â–’â–’â–’        [38;2;0;183;235m[36m     â”‚    Welcome to Thunder Compute!    â”‚[0m
[38;2;0;183;235m[36m        â–’â–’â–’â–’â–’â–’â–’â–’â–’â–’â–’â–’â–’â–’â–’â–’â–’â–’â–’â–’ [38;2;0;183;235m[36m     â”‚    For help, join our Discord:    â”‚[0m
[38;2;0;183;235m[36m                      â–’â–’â–’    [38;2;0;183;235m[36m     â”‚       [37mdiscord.gg/nwuETS9jJK[38;2;0;183;235m[36m       â”‚[0m
[38;2;0;183;235m[36m â–’â–’â–’â–’â–’â–’â–’â–’â–’â–’â–’â–’â–’â–’â–’â–’   â–’â–’â–’      [38;2;0;183;235m[36m     â•°â”€â”€â”€â”€â”€â”€â”€â”€â”€â”€â”€â”€â”€â”€â”€â”€â”€â”€â”€â”€â”€â”€â”€â”€â”€â”€â”€â”€â”€â”€â”€â”€â”€â”€â”€â•¯[0m
[38;2;0;183;235m[36m             â–’â–’â–’  â–’â–’â–’        [0m
[38;2;0;183;235m[36m            â–’â–’â–’â–’â–’â–’â–’          [37m     OS:      Ubuntu 22.04.5 LTS x86_64[0m
[38;2;0;183;235m[36m          â–’â–’â–’â–’â–’â–’â–’            [37m     Shell:   /bin/bash[0m
[38;2;0;183;235m[36m         â–’â–’â–’â–’â–’â–’              [37m     GPU:     Unknown[0m
[38;2;0;183;235m[36m        â–’â–’â–’â–’                 [37m     CPU:     72 vCPUs[0m
[38;2;0;183;235m[36m      â–’â–’â–’â–’                   [37m     Storage: 590G free of 688G[0m
[38;2;0;183;235m[36m     â–’â–’â–’                     [37m     Memory:  547 GB[0m
[38;2;0;183;235m[36m   â–’â–’â–’                       [37m     Mode:    Production[0m
[38;2;0;183;235m[36m  â–’â–’                         [0m
[38;2;0;183;235m[36m â–’                           [0m

[31m    WARNING: Storage is ephemeral and will be deleted on shutdown or crash.

No LSB modules are available.
Distributor ID:	Ubuntu
Description:	Ubuntu 22.04.5 LTS
Release:	22.04
Codename:	jammy

$ uptime
 08:54:33 up  3:40,  0 users,  load average: 0.96, 1.91, 3.31

$ lscpu
Architecture:                            x86_64
CPU op-mode(s):                          32-bit, 64-bit
Address sizes:                           52 bits physical, 57 bits virtual
Byte Order:                              Little Endian
CPU(s):                                  252
On-line CPU(s) list:                     0-71
Off-line CPU(s) list:                    72-251
Vendor ID:                               AuthenticAMD
Model name:                              AMD EPYC 9554 64-Core Processor
CPU family:                              25
Model:                                   17
Thread(s) per core:                      1
Core(s) per socket:                      126
Socket(s):                               2
Stepping:                                1
BogoMIPS:                                6199.99
Flags:                                   fpu vme de pse tsc msr pae mce cx8 apic sep mtrr pge mca cmov pat pse36 clflush mmx fxsr sse sse2 ht syscall nx mmxext fxsr_opt pdpe1gb rdtscp lm rep_good nopl cpuid extd_apicid tsc_known_freq pni pclmulqdq ssse3 fma cx16 pcid sse4_1 sse4_2 x2apic movbe popcnt tsc_deadline_timer aes xsave avx f16c rdrand hypervisor lahf_lm cmp_legacy svm cr8_legacy abm sse4a misalignsse 3dnowprefetch osvw perfctr_core ssbd ibrs ibpb stibp vmmcall fsgsbase tsc_adjust bmi1 avx2 smep bmi2 erms invpcid avx512f avx512dq rdseed adx smap avx512ifma clflushopt clwb avx512cd sha_ni avx512bw avx512vl xsaveopt xsavec xgetbv1 xsaves avx512_bf16 clzero xsaveerptr wbnoinvd arat npt lbrv nrip_save tsc_scale vmcb_clean pausefilter pfthreshold v_vmsave_vmload vgif avx512vbmi umip pku ospke avx512_vbmi2 gfni vaes vpclmulqdq avx512_vnni avx512_bitalg avx512_vpopcntdq la57 rdpid fsrm arch_capabilities
Virtualization:                          AMD-V
Hypervisor vendor:                       KVM
Virtualization type:                     full
L1d cache:                               15.8 MiB (252 instances)
L1i cache:                               15.8 MiB (252 instances)
L2 cache:                                126 MiB (252 instances)
L3 cache:                                3.9 GiB (252 instances)
NUMA node(s):                            2
NUMA node0 CPU(s):                       0-125
NUMA node1 CPU(s):                       126-251
Vulnerability Gather data sampling:      Not affected
Vulnerability Ghostwrite:                Not affected
Vulnerability Indirect target selection: Not affected
Vulnerability Itlb multihit:             Not affected
Vulnerability L1tf:                      Not affected
Vulnerability Mds:                       Not affected
Vulnerability Meltdown:                  Not affected
Vulnerability Mmio stale data:           Not affected
Vulnerability Reg file data sampling:    Not affected
Vulnerability Retbleed:                  Not affected
Vulnerability Spec rstack overflow:      Vulnerable: Safe RET, no microcode
Vulnerability Spec store bypass:         Mitigation; Speculative Store Bypass disabled via prctl
Vulnerability Spectre v1:                Mitigation; usercopy/swapgs barriers and __user pointer sanitization
Vulnerability Spectre v2:                Mitigation; Retpolines; IBPB conditional; IBRS_FW; STIBP disabled; RSB filling; PBRSB-eIBRS Not affected; BHI Not affected
Vulnerability Srbds:                     Not affected
Vulnerability Tsa:                       Vulnerable: Clear CPU buffers attempted, no microcode
Vulnerability Tsx async abort:           Not affected
Vulnerability Vmscape:                   Not affected

$ free -h
               total        used        free      shared  buff/cache   available
Mem:           547Gi        10Gi       438Gi        20Mi        98Gi       536Gi
Swap:             0B          0B          0B

$ lsblk -o NAME,SIZE,TYPE,MOUNTPOINT,MODEL
NAME     SIZE TYPE MOUNTPOINT                                       MODEL
sdb      700G disk                                                  VIRTUAL-DISK    
vda      100G disk                                                  
â”œâ”€vda1    99G part /usr/lib/firmware/nvidia/580.95.05/gsp_tu10x.bin 
â”œâ”€vda14    4M part                                                  
â”œâ”€vda15  106M part                                                  
â””â”€vda16  913M part                                                  
vdb      6.3T disk                                                  
â”œâ”€vdb1   200G part                                                  
â””â”€vdb2   6.2T part                                                  

$ df -hT
Filesystem     Type     Size  Used Avail Use% Mounted on
overlay        overlay  688G   99G  590G  15% /
tmpfs          tmpfs     64M     0   64M   0% /dev
/dev/vda1      ext4      96G   26G   71G  27% /etc/hosts
tmpfs          tmpfs    548G   68K  548G   1% /dev/shm
tmpfs          tmpfs     95G  7.5M   95G   1% /run/nvidia-persistenced/socket
tmpfs          tmpfs    4.0K  4.0K     0 100% /run/nvidia-ctk-hook
tmpfs          tmpfs    473G     0  473G   0% /proc/acpi
tmpfs          tmpfs    473G     0  473G   0% /proc/scsi
tmpfs          tmpfs    473G     0  473G   0% /sys/firmware

$ mount | head -n 200
[38;2;0;183;235m[36m                         â–’â–’  [0m
[38;2;0;183;235m[36m                      â–’â–’â–’    [0m
[38;2;0;183;235m[36m                   â–’â–’â–’â–’â–’     [0m
[38;2;0;183;235m[36m               â–’â–’â–’â–’â–’â–’â–’â–’      [38;2;0;183;235m[36m     â•­â”€â”€â”€â”€â”€â”€â”€â”€â”€â”€â”€â”€â”€â”€â”€â”€â”€â”€â”€â”€â”€â”€â”€â”€â”€â”€â”€â”€â”€â”€â”€â”€â”€â”€â”€â•®[0m
[38;2;0;183;235m[36m            â–’â–’â–’â–’â–’â–’â–’â–’â–’        [38;2;0;183;235m[36m     â”‚    Welcome to Thunder Compute!    â”‚[0m
[38;2;0;183;235m[36m        â–’â–’â–’â–’â–’â–’â–’â–’â–’â–’â–’â–’â–’â–’â–’â–’â–’â–’â–’â–’ [38;2;0;183;235m[36m     â”‚    For help, join our Discord:    â”‚[0m
[38;2;0;183;235m[36m                      â–’â–’â–’    [38;2;0;183;235m[36m     â”‚       [37mdiscord.gg/nwuETS9jJK[38;2;0;183;235m[36m       â”‚[0m
[38;2;0;183;235m[36m â–’â–’â–’â–’â–’â–’â–’â–’â–’â–’â–’â–’â–’â–’â–’â–’   â–’â–’â–’      [38;2;0;183;235m[36m     â•°â”€â”€â”€â”€â”€â”€â”€â”€â”€â”€â”€â”€â”€â”€â”€â”€â”€â”€â”€â”€â”€â”€â”€â”€â”€â”€â”€â”€â”€â”€â”€â”€â”€â”€â”€â•¯[0m
[38;2;0;183;235m[36m             â–’â–’â–’  â–’â–’â–’        [0m
[38;2;0;183;235m[36m            â–’â–’â–’â–’â–’â–’â–’          [37m     OS:      Ubuntu 22.04.5 LTS x86_64[0m
[38;2;0;183;235m[36m          â–’â–’â–’â–’â–’â–’â–’            [37m     Shell:   /bin/bash[0m
[38;2;0;183;235m[36m         â–’â–’â–’â–’â–’â–’              [37m     GPU:     Unknown[0m
[38;2;0;183;235m[36m        â–’â–’â–’â–’                 [37m     CPU:     72 vCPUs[0m
[38;2;0;183;235m[36m      â–’â–’â–’â–’                   [37m     Storage: 590G free of 688G[0m
[38;2;0;183;235m[36m     â–’â–’â–’                     [37m     Memory:  547 GB[0m
[38;2;0;183;235m[36m   â–’â–’â–’                       [37m     Mode:    Production[0m
[38;2;0;183;235m[36m  â–’â–’                         [0m
[38;2;0;183;235m[36m â–’                           [0m

[31m    WARNING: Storage is ephemeral and will be deleted on shutdown or crash.

overlay on / type overlay (rw,relatime,lowerdir=/var/lib/containerd-nydus/snapshots/202/mnt,upperdir=/var/lib/kubelet/pods/84079974-4967-4086-9330-409c615ac54b/volumes/kubernetes.io~csi/pvc-21a2ae11-6fa4-4526-8c40-337348b9d18e/mount/upper,workdir=/var/lib/kubelet/pods/84079974-4967-4086-9330-409c615ac54b/volumes/kubernetes.io~csi/pvc-21a2ae11-6fa4-4526-8c40-337348b9d18e/mount/work,uuid=on,xino=off,nouserxattr)
proc on /proc type proc (rw,nosuid,nodev,noexec,relatime)
tmpfs on /dev type tmpfs (rw,nosuid,size=65536k,mode=755,inode64)
sysfs on /sys type sysfs (ro,nosuid,nodev,noexec,relatime)
devpts on /dev/pts type devpts (rw,nosuid,noexec,relatime,gid=5,mode=620,ptmxmode=666)
mqueue on /dev/mqueue type mqueue (rw,nosuid,nodev,noexec,relatime)
/dev/vda1 on /dev/termination-log type ext4 (ro,relatime,discard,errors=remount-ro,commit=30)
/dev/vda1 on /etc/hostname type ext4 (ro,relatime,discard,errors=remount-ro,commit=30)
/dev/vda1 on /etc/hosts type ext4 (ro,relatime,discard,errors=remount-ro,commit=30)
/dev/vda1 on /etc/resolv.conf type ext4 (ro,relatime,discard,errors=remount-ro,commit=30)
tmpfs on /dev/shm type tmpfs (rw,relatime,size=573779968k,inode64,noswap)
lxcfs on /proc/cpuinfo type fuse.lxcfs (ro,relatime,user_id=0,group_id=0,allow_other)
lxcfs on /proc/diskstats type fuse.lxcfs (ro,relatime,user_id=0,group_id=0,allow_other)
lxcfs on /proc/meminfo type fuse.lxcfs (ro,relatime,user_id=0,group_id=0,allow_other)
lxcfs on /proc/stat type fuse.lxcfs (ro,relatime,user_id=0,group_id=0,allow_other)
lxcfs on /proc/swaps type fuse.lxcfs (ro,relatime,user_id=0,group_id=0,allow_other)
lxcfs on /proc/uptime type fuse.lxcfs (ro,relatime,user_id=0,group_id=0,allow_other)
lxcfs on /proc/slabinfo type fuse.lxcfs (ro,relatime,user_id=0,group_id=0,allow_other)
lxcfs on /proc/loadavg type fuse.lxcfs (ro,relatime,user_id=0,group_id=0,allow_other)
/dev/vda1 on /dev/termination-log type ext4 (rw,relatime,discard,errors=remount-ro,commit=30)
cgroup on /sys/fs/cgroup type cgroup2 (ro,nosuid,nodev,noexec,relatime)
lxcfs on /var/lib/lxcfs type fuse.lxcfs (ro,relatime,user_id=0,group_id=0,allow_other)
sysfs on /sys/module/nvidia type sysfs (ro,relatime)
sysfs on /sys/module/nvidia_drm type sysfs (ro,relatime)
sysfs on /sys/module/nvidia_modeset type sysfs (ro,relatime)
sysfs on /sys/module/nvidia_uvm type sysfs (ro,relatime)
tmpfs on /run/nvidia-persistenced/socket type tmpfs (ro,nosuid,nodev,noexec,relatime,size=99069136k,mode=755,inode64)
/dev/vda1 on /usr/bin/nvidia-cuda-mps-control type ext4 (ro,nosuid,nodev,relatime,discard,errors=remount-ro,commit=30)
/dev/vda1 on /usr/bin/nvidia-cuda-mps-server type ext4 (ro,nosuid,nodev,relatime,discard,errors=remount-ro,commit=30)
/dev/vda1 on /usr/bin/nvidia-debugdump type ext4 (ro,nosuid,nodev,relatime,discard,errors=remount-ro,commit=30)
/dev/vda1 on /usr/bin/nvidia-persistenced type ext4 (ro,nosuid,nodev,relatime,discard,errors=remount-ro,commit=30)
/dev/vda1 on /usr/bin/nvidia-smi type ext4 (ro,nosuid,nodev,relatime,discard,errors=remount-ro,commit=30)
lxcfs on /sys/devices/system/cpu type fuse.lxcfs (ro,relatime,user_id=0,group_id=0,allow_other)
/dev/vda1 on /usr/lib/x86_64-linux-gnu/libcuda.so.580.95.05 type ext4 (ro,nosuid,nodev,relatime,discard,errors=remount-ro,commit=30)
/dev/vda1 on /usr/lib/x86_64-linux-gnu/libcudadebugger.so.580.95.05 type ext4 (ro,nosuid,nodev,relatime,discard,errors=remount-ro,commit=30)
/dev/vda1 on /usr/lib/x86_64-linux-gnu/libnvidia-cfg.so.580.95.05 type ext4 (ro,nosuid,nodev,relatime,discard,errors=remount-ro,commit=30)
/dev/vda1 on /usr/lib/x86_64-linux-gnu/libnvidia-ml.so.580.95.05 type ext4 (ro,nosuid,nodev,relatime,discard,errors=remount-ro,commit=30)
/dev/vda1 on /usr/lib/x86_64-linux-gnu/libnvidia-nvvm.so.580.95.05 type ext4 (ro,nosuid,nodev,relatime,discard,errors=remount-ro,commit=30)
/dev/vda1 on /usr/lib/x86_64-linux-gnu/libnvidia-opencl.so.580.95.05 type ext4 (ro,nosuid,nodev,relatime,discard,errors=remount-ro,commit=30)
/dev/vda1 on /usr/lib/x86_64-linux-gnu/libnvidia-pkcs11-openssl3.so.580.95.05 type ext4 (ro,nosuid,nodev,relatime,discard,errors=remount-ro,commit=30)
/dev/vda1 on /usr/lib/x86_64-linux-gnu/libnvidia-pkcs11.so.580.95.05 type ext4 (ro,nosuid,nodev,relatime,discard,errors=remount-ro,commit=30)
/dev/vda1 on /usr/lib/x86_64-linux-gnu/libnvidia-ptxjitcompiler.so.580.95.05 type ext4 (ro,nosuid,nodev,relatime,discard,errors=remount-ro,commit=30)
/dev/vda1 on /usr/lib/firmware/nvidia/580.95.05/gsp_ga10x.bin type ext4 (ro,nosuid,nodev,relatime,discard,errors=remount-ro,commit=30)
/dev/vda1 on /usr/lib/firmware/nvidia/580.95.05/gsp_tu10x.bin type ext4 (ro,nosuid,nodev,relatime,discard,errors=remount-ro,commit=30)
tmpfs on /run/nvidia-ctk-hook type tmpfs (rw,relatime,size=4k,inode64)
tmpfs on /proc/driver/nvidia/params type tmpfs (rw,relatime,size=4k,inode64)
tmpfs on /run/nvidia-ctk-hook type tmpfs (rw,relatime,size=4k,inode64)
tmpfs on /proc/driver/nvidia/params type tmpfs (rw,relatime,size=4k,inode64)
proc on /proc/bus type proc (ro,nosuid,nodev,noexec,relatime)
proc on /proc/fs type proc (ro,nosuid,nodev,noexec,relatime)
proc on /proc/irq type proc (ro,nosuid,nodev,noexec,relatime)
proc on /proc/sys type proc (ro,nosuid,nodev,noexec,relatime)
proc on /proc/sysrq-trigger type proc (ro,nosuid,nodev,noexec,relatime)
tmpfs on /proc/acpi type tmpfs (ro,relatime,inode64)
tmpfs on /proc/interrupts type tmpfs (rw,nosuid,size=65536k,mode=755,inode64)
tmpfs on /proc/kcore type tmpfs (rw,nosuid,size=65536k,mode=755,inode64)
tmpfs on /proc/keys type tmpfs (rw,nosuid,size=65536k,mode=755,inode64)
tmpfs on /proc/latency_stats type tmpfs (rw,nosuid,size=65536k,mode=755,inode64)
tmpfs on /proc/timer_list type tmpfs (rw,nosuid,size=65536k,mode=755,inode64)
tmpfs on /proc/scsi type tmpfs (ro,relatime,inode64)
tmpfs on /sys/firmware type tmpfs (ro,relatime,inode64)

$ ulimit -a
[38;2;0;183;235m[36m                         â–’â–’  [0m
[38;2;0;183;235m[36m                      â–’â–’â–’    [0m
[38;2;0;183;235m[36m                   â–’â–’â–’â–’â–’     [0m
[38;2;0;183;235m[36m               â–’â–’â–’â–’â–’â–’â–’â–’      [38;2;0;183;235m[36m     â•­â”€â”€â”€â”€â”€â”€â”€â”€â”€â”€â”€â”€â”€â”€â”€â”€â”€â”€â”€â”€â”€â”€â”€â”€â”€â”€â”€â”€â”€â”€â”€â”€â”€â”€â”€â•®[0m
[38;2;0;183;235m[36m            â–’â–’â–’â–’â–’â–’â–’â–’â–’        [38;2;0;183;235m[36m     â”‚    Welcome to Thunder Compute!    â”‚[0m
[38;2;0;183;235m[36m        â–’â–’â–’â–’â–’â–’â–’â–’â–’â–’â–’â–’â–’â–’â–’â–’â–’â–’â–’â–’ [38;2;0;183;235m[36m     â”‚    For help, join our Discord:    â”‚[0m
[38;2;0;183;235m[36m                      â–’â–’â–’    [38;2;0;183;235m[36m     â”‚       [37mdiscord.gg/nwuETS9jJK[38;2;0;183;235m[36m       â”‚[0m
[38;2;0;183;235m[36m â–’â–’â–’â–’â–’â–’â–’â–’â–’â–’â–’â–’â–’â–’â–’â–’   â–’â–’â–’      [38;2;0;183;235m[36m     â•°â”€â”€â”€â”€â”€â”€â”€â”€â”€â”€â”€â”€â”€â”€â”€â”€â”€â”€â”€â”€â”€â”€â”€â”€â”€â”€â”€â”€â”€â”€â”€â”€â”€â”€â”€â•¯[0m
[38;2;0;183;235m[36m             â–’â–’â–’  â–’â–’â–’        [0m
[38;2;0;183;235m[36m            â–’â–’â–’â–’â–’â–’â–’          [37m     OS:      Ubuntu 22.04.5 LTS x86_64[0m
[38;2;0;183;235m[36m          â–’â–’â–’â–’â–’â–’â–’            [37m     Shell:   /bin/bash[0m
[38;2;0;183;235m[36m         â–’â–’â–’â–’â–’â–’              [37m     GPU:     Unknown[0m
[38;2;0;183;235m[36m        â–’â–’â–’â–’                 [37m     CPU:     72 vCPUs[0m
[38;2;0;183;235m[36m      â–’â–’â–’â–’                   [37m     Storage: 590G free of 688G[0m
[38;2;0;183;235m[36m     â–’â–’â–’                     [37m     Memory:  547 GB[0m
[38;2;0;183;235m[36m   â–’â–’â–’                       [37m     Mode:    Production[0m
[38;2;0;183;235m[36m  â–’â–’                         [0m
[38;2;0;183;235m[36m â–’                           [0m

[31m    WARNING: Storage is ephemeral and will be deleted on shutdown or crash.

real-time non-blocking time  (microseconds, -R) unlimited
core file size              (blocks, -c) unlimited
data seg size               (kbytes, -d) unlimited
scheduling priority                 (-e) 0
file size                   (blocks, -f) unlimited
pending signals                     (-i) 3869557
max locked memory           (kbytes, -l) 8192
max memory size             (kbytes, -m) unlimited
open files                          (-n) 1048576
pipe size                (512 bytes, -p) 8
POSIX message queues         (bytes, -q) 819200
real-time priority                  (-r) 0
stack size                  (kbytes, -s) 8192
cpu time                   (seconds, -t) unlimited
max user processes                  (-u) unlimited
virtual memory              (kbytes, -v) unlimited
file locks                          (-x) unlimited

== GPU / CUDA ==

$ nvidia-smi -L
[38;2;0;183;235m[36m                         â–’â–’  [0m
[38;2;0;183;235m[36m                      â–’â–’â–’    [0m
[38;2;0;183;235m[36m                   â–’â–’â–’â–’â–’     [0m
[38;2;0;183;235m[36m               â–’â–’â–’â–’â–’â–’â–’â–’      [38;2;0;183;235m[36m     â•­â”€â”€â”€â”€â”€â”€â”€â”€â”€â”€â”€â”€â”€â”€â”€â”€â”€â”€â”€â”€â”€â”€â”€â”€â”€â”€â”€â”€â”€â”€â”€â”€â”€â”€â”€â•®[0m
[38;2;0;183;235m[36m            â–’â–’â–’â–’â–’â–’â–’â–’â–’        [38;2;0;183;235m[36m     â”‚    Welcome to Thunder Compute!    â”‚[0m
[38;2;0;183;235m[36m        â–’â–’â–’â–’â–’â–’â–’â–’â–’â–’â–’â–’â–’â–’â–’â–’â–’â–’â–’â–’ [38;2;0;183;235m[36m     â”‚    For help, join our Discord:    â”‚[0m
[38;2;0;183;235m[36m                      â–’â–’â–’    [38;2;0;183;235m[36m     â”‚       [37mdiscord.gg/nwuETS9jJK[38;2;0;183;235m[36m       â”‚[0m
[38;2;0;183;235m[36m â–’â–’â–’â–’â–’â–’â–’â–’â–’â–’â–’â–’â–’â–’â–’â–’   â–’â–’â–’      [38;2;0;183;235m[36m     â•°â”€â”€â”€â”€â”€â”€â”€â”€â”€â”€â”€â”€â”€â”€â”€â”€â”€â”€â”€â”€â”€â”€â”€â”€â”€â”€â”€â”€â”€â”€â”€â”€â”€â”€â”€â•¯[0m
[38;2;0;183;235m[36m             â–’â–’â–’  â–’â–’â–’        [0m
[38;2;0;183;235m[36m            â–’â–’â–’â–’â–’â–’â–’          [37m     OS:      Ubuntu 22.04.5 LTS x86_64[0m
[38;2;0;183;235m[36m          â–’â–’â–’â–’â–’â–’â–’            [37m     Shell:   /bin/bash[0m
[38;2;0;183;235m[36m         â–’â–’â–’â–’â–’â–’              [37m     GPU:     Unknown[0m
[38;2;0;183;235m[36m        â–’â–’â–’â–’                 [37m     CPU:     72 vCPUs[0m
[38;2;0;183;235m[36m      â–’â–’â–’â–’                   [37m     Storage: 590G free of 688G[0m
[38;2;0;183;235m[36m     â–’â–’â–’                     [37m     Memory:  547 GB[0m
[38;2;0;183;235m[36m   â–’â–’â–’                       [37m     Mode:    Production[0m
[38;2;0;183;235m[36m  â–’â–’                         [0m
[38;2;0;183;235m[36m â–’                           [0m

[31m    WARNING: Storage is ephemeral and will be deleted on shutdown or crash.

GPU 0: NVIDIA A100 80GB PCIe (UUID: GPU-ff8e5ff2-af7c-a2e1-4ba5-daac58a51c5b)
GPU 1: NVIDIA A100 80GB PCIe (UUID: GPU-9fc6de3b-0113-463c-9e6e-bac0aca300f8)
GPU 2: NVIDIA A100 80GB PCIe (UUID: GPU-103cb80a-f098-ba46-171c-c3533f3ea053)
GPU 3: NVIDIA A100 80GB PCIe (UUID: GPU-79ceadaf-7fc0-9eb5-5e32-923c239983dc)

$ nvidia-smi
[38;2;0;183;235m[36m                         â–’â–’  [0m
[38;2;0;183;235m[36m                      â–’â–’â–’    [0m
[38;2;0;183;235m[36m                   â–’â–’â–’â–’â–’     [0m
[38;2;0;183;235m[36m               â–’â–’â–’â–’â–’â–’â–’â–’      [38;2;0;183;235m[36m     â•­â”€â”€â”€â”€â”€â”€â”€â”€â”€â”€â”€â”€â”€â”€â”€â”€â”€â”€â”€â”€â”€â”€â”€â”€â”€â”€â”€â”€â”€â”€â”€â”€â”€â”€â”€â•®[0m
[38;2;0;183;235m[36m            â–’â–’â–’â–’â–’â–’â–’â–’â–’        [38;2;0;183;235m[36m     â”‚    Welcome to Thunder Compute!    â”‚[0m
[38;2;0;183;235m[36m        â–’â–’â–’â–’â–’â–’â–’â–’â–’â–’â–’â–’â–’â–’â–’â–’â–’â–’â–’â–’ [38;2;0;183;235m[36m     â”‚    For help, join our Discord:    â”‚[0m
[38;2;0;183;235m[36m                      â–’â–’â–’    [38;2;0;183;235m[36m     â”‚       [37mdiscord.gg/nwuETS9jJK[38;2;0;183;235m[36m       â”‚[0m
[38;2;0;183;235m[36m â–’â–’â–’â–’â–’â–’â–’â–’â–’â–’â–’â–’â–’â–’â–’â–’   â–’â–’â–’      [38;2;0;183;235m[36m     â•°â”€â”€â”€â”€â”€â”€â”€â”€â”€â”€â”€â”€â”€â”€â”€â”€â”€â”€â”€â”€â”€â”€â”€â”€â”€â”€â”€â”€â”€â”€â”€â”€â”€â”€â”€â•¯[0m
[38;2;0;183;235m[36m             â–’â–’â–’  â–’â–’â–’        [0m
[38;2;0;183;235m[36m            â–’â–’â–’â–’â–’â–’â–’          [37m     OS:      Ubuntu 22.04.5 LTS x86_64[0m
[38;2;0;183;235m[36m          â–’â–’â–’â–’â–’â–’â–’            [37m     Shell:   /bin/bash[0m
[38;2;0;183;235m[36m         â–’â–’â–’â–’â–’â–’              [37m     GPU:     Unknown[0m
[38;2;0;183;235m[36m        â–’â–’â–’â–’                 [37m     CPU:     72 vCPUs[0m
[38;2;0;183;235m[36m      â–’â–’â–’â–’                   [37m     Storage: 590G free of 688G[0m
[38;2;0;183;235m[36m     â–’â–’â–’                     [37m     Memory:  547 GB[0m
[38;2;0;183;235m[36m   â–’â–’â–’                       [37m     Mode:    Production[0m
[38;2;0;183;235m[36m  â–’â–’                         [0m
[38;2;0;183;235m[36m â–’                           [0m

[31m    WARNING: Storage is ephemeral and will be deleted on shutdown or crash.

Fri Dec 26 08:54:36 2025       
+-----------------------------------------------------------------------------------------+
| NVIDIA-SMI 580.95.05              Driver Version: 580.95.05      CUDA Version: 13.0     |
+-----------------------------------------+------------------------+----------------------+
| GPU  Name                 Persistence-M | Bus-Id          Disp.A | Volatile Uncorr. ECC |
| Fan  Temp   Perf          Pwr:Usage/Cap |           Memory-Usage | GPU-Util  Compute M. |
|                                         |                        |               MIG M. |
|=========================================+========================+======================|
|   0  NVIDIA A100 80GB PCIe          Off |   00000000:00:08.0 Off |                    0 |
| N/A   46C    P0            106W /  300W |   67817MiB /  81920MiB |     32%      Default |
|                                         |                        |             Disabled |
+-----------------------------------------+------------------------+----------------------+
|   1  NVIDIA A100 80GB PCIe          Off |   00000000:00:09.0 Off |                    0 |
| N/A   41C    P0             46W /  300W |       0MiB /  81920MiB |      0%      Default |
|                                         |                        |             Disabled |
+-----------------------------------------+------------------------+----------------------+
|   2  NVIDIA A100 80GB PCIe          Off |   00000000:00:0A.0 Off |                    0 |
| N/A   41C    P0             49W /  300W |       0MiB /  81920MiB |      0%      Default |
|                                         |                        |             Disabled |
+-----------------------------------------+------------------------+----------------------+
|   3  NVIDIA A100 80GB PCIe          Off |   00000000:00:0B.0 Off |                    0 |
| N/A   35C    P0             46W /  300W |       0MiB /  81920MiB |      0%      Default |
|                                         |                        |             Disabled |
+-----------------------------------------+------------------------+----------------------+

+-----------------------------------------------------------------------------------------+
| Processes:                                                                              |
|  GPU   GI   CI              PID   Type   Process name                        GPU Memory |
|        ID   ID                                                               Usage      |
|=========================================================================================|
|  No running processes found                                                             |
+-----------------------------------------------------------------------------------------+

$ nvidia-smi -q
[38;2;0;183;235m[36m                         â–’â–’  [0m
[38;2;0;183;235m[36m                      â–’â–’â–’    [0m
[38;2;0;183;235m[36m                   â–’â–’â–’â–’â–’     [0m
[38;2;0;183;235m[36m               â–’â–’â–’â–’â–’â–’â–’â–’      [38;2;0;183;235m[36m     â•­â”€â”€â”€â”€â”€â”€â”€â”€â”€â”€â”€â”€â”€â”€â”€â”€â”€â”€â”€â”€â”€â”€â”€â”€â”€â”€â”€â”€â”€â”€â”€â”€â”€â”€â”€â•®[0m
[38;2;0;183;235m[36m            â–’â–’â–’â–’â–’â–’â–’â–’â–’        [38;2;0;183;235m[36m     â”‚    Welcome to Thunder Compute!    â”‚[0m
[38;2;0;183;235m[36m        â–’â–’â–’â–’â–’â–’â–’â–’â–’â–’â–’â–’â–’â–’â–’â–’â–’â–’â–’â–’ [38;2;0;183;235m[36m     â”‚    For help, join our Discord:    â”‚[0m
[38;2;0;183;235m[36m                      â–’â–’â–’    [38;2;0;183;235m[36m     â”‚       [37mdiscord.gg/nwuETS9jJK[38;2;0;183;235m[36m       â”‚[0m
[38;2;0;183;235m[36m â–’â–’â–’â–’â–’â–’â–’â–’â–’â–’â–’â–’â–’â–’â–’â–’   â–’â–’â–’      [38;2;0;183;235m[36m     â•°â”€â”€â”€â”€â”€â”€â”€â”€â”€â”€â”€â”€â”€â”€â”€â”€â”€â”€â”€â”€â”€â”€â”€â”€â”€â”€â”€â”€â”€â”€â”€â”€â”€â”€â”€â•¯[0m
[38;2;0;183;235m[36m             â–’â–’â–’  â–’â–’â–’        [0m
[38;2;0;183;235m[36m            â–’â–’â–’â–’â–’â–’â–’          [37m     OS:      Ubuntu 22.04.5 LTS x86_64[0m
[38;2;0;183;235m[36m          â–’â–’â–’â–’â–’â–’â–’            [37m     Shell:   /bin/bash[0m
[38;2;0;183;235m[36m         â–’â–’â–’â–’â–’â–’              [37m     GPU:     Unknown[0m
[38;2;0;183;235m[36m        â–’â–’â–’â–’                 [37m     CPU:     72 vCPUs[0m
[38;2;0;183;235m[36m      â–’â–’â–’â–’                   [37m     Storage: 590G free of 688G[0m
[38;2;0;183;235m[36m     â–’â–’â–’                     [37m     Memory:  547 GB[0m
[38;2;0;183;235m[36m   â–’â–’â–’                       [37m     Mode:    Production[0m
[38;2;0;183;235m[36m  â–’â–’                         [0m
[38;2;0;183;235m[36m â–’                           [0m

[31m    WARNING: Storage is ephemeral and will be deleted on shutdown or crash.


==============NVSMI LOG==============

Timestamp                                 : Fri Dec 26 08:54:37 2025
Driver Version                            : 580.95.05
CUDA Version                              : 13.0

Attached GPUs                             : 4
GPU 00000000:00:08.0
    Product Name                          : NVIDIA A100 80GB PCIe
    Product Brand                         : NVIDIA
    Product Architecture                  : Ampere
    Display Mode                          : Requested functionality has been deprecated
    Display Attached                      : Yes
    Display Active                        : Disabled
    Persistence Mode                      : Disabled
    Addressing Mode                       : None
    MIG Mode
        Current                           : Disabled
        Pending                           : Disabled
    Accounting Mode                       : Disabled
    Accounting Mode Buffer Size           : 4000
    Driver Model
        Current                           : N/A
        Pending                           : N/A
    Serial Number                         : 1652323031164
    GPU UUID                              : GPU-ff8e5ff2-af7c-a2e1-4ba5-daac58a51c5b
    GPU PDI                               : 0xa979acf9384faa61
    Minor Number                          : 1
    VBIOS Version                         : 92.00.A0.00.05
    MultiGPU Board                        : No
    Board ID                              : 0x8
    Board Part Number                     : 900-21001-0020-100
    GPU Part Number                       : 20B5-893-A1
    FRU Part Number                       : N/A
    Platform Info
        Chassis Serial Number             : N/A
        Slot Number                       : N/A
        Tray Index                        : N/A
        Host ID                           : N/A
        Peer Type                         : N/A
        Module Id                         : 1
        GPU Fabric GUID                   : N/A
    Inforom Version
        Image Version                     : 1001.0230.00.03
        OEM Object                        : 2.0
        ECC Object                        : 6.16
        Power Management Object           : N/A
    Inforom BBX Object Flush
        Latest Timestamp                  : N/A
        Latest Duration                   : N/A
    GPU Operation Mode
        Current                           : N/A
        Pending                           : N/A
    GPU C2C Mode                          : N/A
    GPU Virtualization Mode
        Virtualization Mode               : Pass-Through
        Host VGPU Mode                    : N/A
        vGPU Heterogeneous Mode           : N/A
    GPU Recovery Action                   : None
    GSP Firmware Version                  : 580.95.05
    IBMNPU
        Relaxed Ordering Mode             : N/A
    PCI
        Bus                               : 0x00
        Device                            : 0x08
        Domain                            : 0x0000
        Base Classcode                    : 0x3
        Sub Classcode                     : 0x2
        Device Id                         : 0x20B510DE
        Bus Id                            : 00000000:00:08.0
        Sub System Id                     : 0x153310DE
        GPU Link Info
            PCIe Generation
                Max                       : 4
                Current                   : 4
                Device Current            : 4
                Device Max                : 4
                Host Max                  : N/A
            Link Width
                Max                       : 16x
                Current                   : 16x
        Bridge Chip
            Type                          : N/A
            Firmware                      : N/A
        Replays Since Reset               : 0
        Replay Number Rollovers           : 0
        Tx Throughput                     : 13330 KB/s
        Rx Throughput                     : 70166 KB/s
        Atomic Caps Outbound              : N/A
        Atomic Caps Inbound               : N/A
    Fan Speed                             : N/A
    Performance State                     : P0
    Clocks Event Reasons
        Idle                              : Not Active
        Applications Clocks Setting       : Not Active
        SW Power Cap                      : Not Active
        HW Slowdown                       : Not Active
            HW Thermal Slowdown           : Not Active
            HW Power Brake Slowdown       : Not Active
        Sync Boost                        : Not Active
        SW Thermal Slowdown               : Not Active
        Display Clock Setting             : Not Active
    Clocks Event Reasons Counters
        SW Power Capping                  : 2248651 us
        Sync Boost                        : 0 us
        SW Thermal Slowdown               : 0 us
        HW Thermal Slowdown               : 0 us
        HW Power Braking                  : 0 us
    Sparse Operation Mode                 : N/A
    FB Memory Usage
        Total                             : 81920 MiB
        Reserved                          : 768 MiB
        Used                              : 67817 MiB
        Free                              : 13336 MiB
    BAR1 Memory Usage
        Total                             : 131072 MiB
        Used                              : 67818 MiB
        Free                              : 63254 MiB
    Conf Compute Protected Memory Usage
        Total                             : 0 MiB
        Used                              : 0 MiB
        Free                              : 0 MiB
    Compute Mode                          : Default
    Utilization
        GPU                               : 32 %
        Memory                            : 1 %
        Encoder                           : 0 %
        Decoder                           : 0 %
        JPEG                              : 0 %
        OFA                               : 0 %
    Encoder Stats
        Active Sessions                   : 0
        Average FPS                       : 0
        Average Latency                   : 0
    FBC Stats
        Active Sessions                   : 0
        Average FPS                       : 0
        Average Latency                   : 0
    DRAM Encryption Mode
        Current                           : N/A
        Pending                           : N/A
    ECC Mode
        Current                           : Enabled
        Pending                           : Enabled
    ECC Errors
        Volatile
            SRAM Correctable              : 0
            SRAM Uncorrectable Parity     : 0
            SRAM Uncorrectable SEC-DED    : 0
            DRAM Correctable              : 0
            DRAM Uncorrectable            : 0
        Aggregate
            SRAM Correctable              : 0
            SRAM Uncorrectable Parity     : 0
            SRAM Uncorrectable SEC-DED    : 0
            DRAM Correctable              : 0
            DRAM Uncorrectable            : 0
            SRAM Threshold Exceeded       : No
        Aggregate Uncorrectable SRAM Sources
            SRAM L2                       : 0
            SRAM SM                       : 0
            SRAM Microcontroller          : 0
            SRAM PCIE                     : 0
            SRAM Other                    : 0
        Channel Repair Pending            : No
        TPC Repair Pending                : No
    Retired Pages
        Single Bit ECC                    : N/A
        Double Bit ECC                    : N/A
        Pending Page Blacklist            : N/A
    Remapped Rows
        Correctable Error                 : 0
        Uncorrectable Error               : 0
        Pending                           : No
        Remapping Failure Occurred        : No
        Bank Remap Availability Histogram
            Max                           : 640 bank(s)
            High                          : 0 bank(s)
            Partial                       : 0 bank(s)
            Low                           : 0 bank(s)
            None                          : 0 bank(s)
    Temperature
        GPU Current Temp                  : 46 C
        GPU T.Limit Temp                  : N/A
        GPU Shutdown Temp                 : 92 C
        GPU Slowdown Temp                 : 89 C
        GPU Max Operating Temp            : 85 C
        GPU Target Temperature            : N/A
        Memory Current Temp               : 49 C
        Memory Max Operating Temp         : 95 C
    GPU Power Readings
        Average Power Draw                : N/A
        Instantaneous Power Draw          : 107.12 W
        Current Power Limit               : 300.00 W
        Requested Power Limit             : 300.00 W
        Default Power Limit               : 300.00 W
        Min Power Limit                   : 150.00 W
        Max Power Limit                   : 300.00 W
    GPU Memory Power Readings 
        Average Power Draw                : N/A
        Instantaneous Power Draw          : N/A
    Module Power Readings
        Average Power Draw                : N/A
        Instantaneous Power Draw          : N/A
        Current Power Limit               : N/A
        Requested Power Limit             : N/A
        Default Power Limit               : N/A
        Min Power Limit                   : N/A
        Max Power Limit                   : N/A
    Power Smoothing                       : N/A
    Workload Power Profiles
        Requested Profiles                : N/A
        Enforced Profiles                 : N/A
    Clocks
        Graphics                          : 1410 MHz
        SM                                : 1410 MHz
        Memory                            : 1512 MHz
        Video                             : 1275 MHz
    Applications Clocks
        Graphics                          : 1410 MHz
        Memory                            : 1512 MHz
    Default Applications Clocks
        Graphics                          : 1410 MHz
        Memory                            : 1512 MHz
    Deferred Clocks
        Memory                            : N/A
    Max Clocks
        Graphics                          : 1410 MHz
        SM                                : 1410 MHz
        Memory                            : 1512 MHz
        Video                             : 1290 MHz
    Max Customer Boost Clocks
        Graphics                          : 1410 MHz
    Clock Policy
        Auto Boost                        : N/A
        Auto Boost Default                : N/A
    Fabric
        State                             : N/A
        Status                            : N/A
        CliqueId                          : N/A
        ClusterUUID                       : N/A
        Health
            Summary                       : N/A
            Bandwidth                     : N/A
            Route Recovery in progress    : N/A
            Route Unhealthy               : N/A
            Access Timeout Recovery       : N/A
            Incorrect Configuration       : N/A
    Processes
        GPU instance ID                   : N/A
        Compute instance ID               : N/A
        Process ID                        : 477150
            Type                          : C
            Name                          : 
            Used GPU Memory               : 67808 MiB
    Capabilities
        EGM                               : disabled

GPU 00000000:00:09.0
    Product Name                          : NVIDIA A100 80GB PCIe
    Product Brand                         : NVIDIA
    Product Architecture                  : Ampere
    Display Mode                          : Requested functionality has been deprecated
    Display Attached                      : Yes
    Display Active                        : Disabled
    Persistence Mode                      : Disabled
    Addressing Mode                       : None
    MIG Mode
        Current                           : Disabled
        Pending                           : Disabled
    Accounting Mode                       : Disabled
    Accounting Mode Buffer Size           : 4000
    Driver Model
        Current                           : N/A
        Pending                           : N/A
    Serial Number                         : 1652323031437
    GPU UUID                              : GPU-9fc6de3b-0113-463c-9e6e-bac0aca300f8
    GPU PDI                               : 0xe2c32e438f957efc
    Minor Number                          : 2
    VBIOS Version                         : 92.00.A0.00.05
    MultiGPU Board                        : No
    Board ID                              : 0x9
    Board Part Number                     : 900-21001-0020-100
    GPU Part Number                       : 20B5-893-A1
    FRU Part Number                       : N/A
    Platform Info
        Chassis Serial Number             : N/A
        Slot Number                       : N/A
        Tray Index                        : N/A
        Host ID                           : N/A
        Peer Type                         : N/A
        Module Id                         : 1
        GPU Fabric GUID                   : N/A
    Inforom Version
        Image Version                     : 1001.0230.00.03
        OEM Object                        : 2.0
        ECC Object                        : 6.16
        Power Management Object           : N/A
    Inforom BBX Object Flush
        Latest Timestamp                  : N/A
        Latest Duration                   : N/A
    GPU Operation Mode
        Current                           : N/A
        Pending                           : N/A
    GPU C2C Mode                          : N/A
    GPU Virtualization Mode
        Virtualization Mode               : Pass-Through
        Host VGPU Mode                    : N/A
        vGPU Heterogeneous Mode           : N/A
    GPU Recovery Action                   : None
    GSP Firmware Version                  : 580.95.05
    IBMNPU
        Relaxed Ordering Mode             : N/A
    PCI
        Bus                               : 0x00
        Device                            : 0x09
        Domain                            : 0x0000
        Base Classcode                    : 0x3
        Sub Classcode                     : 0x2
        Device Id                         : 0x20B510DE
        Bus Id                            : 00000000:00:09.0
        Sub System Id                     : 0x153310DE
        GPU Link Info
            PCIe Generation
                Max                       : 4
                Current                   : 4
                Device Current            : 4
                Device Max                : 4
                Host Max                  : N/A
            Link Width
                Max                       : 16x
                Current                   : 16x
        Bridge Chip
            Type                          : N/A
            Firmware                      : N/A
        Replays Since Reset               : 0
        Replay Number Rollovers           : 0
        Tx Throughput                     : 292 KB/s
        Rx Throughput                     : 244 KB/s
        Atomic Caps Outbound              : N/A
        Atomic Caps Inbound               : N/A
    Fan Speed                             : N/A
    Performance State                     : P0
    Clocks Event Reasons
        Idle                              : Active
        Applications Clocks Setting       : Not Active
        SW Power Cap                      : Not Active
        HW Slowdown                       : Not Active
            HW Thermal Slowdown           : Not Active
            HW Power Brake Slowdown       : Not Active
        Sync Boost                        : Not Active
        SW Thermal Slowdown               : Not Active
        Display Clock Setting             : Not Active
    Clocks Event Reasons Counters
        SW Power Capping                  : 0 us
        Sync Boost                        : 0 us
        SW Thermal Slowdown               : 0 us
        HW Thermal Slowdown               : 0 us
        HW Power Braking                  : 0 us
    Sparse Operation Mode                 : N/A
    FB Memory Usage
        Total                             : 81920 MiB
        Reserved                          : 768 MiB
        Used                              : 0 MiB
        Free                              : 81153 MiB
    BAR1 Memory Usage
        Total                             : 131072 MiB
        Used                              : 1 MiB
        Free                              : 131071 MiB
    Conf Compute Protected Memory Usage
        Total                             : 0 MiB
        Used                              : 0 MiB
        Free                              : 0 MiB
    Compute Mode                          : Default
    Utilization
        GPU                               : 0 %
        Memory                            : 0 %
        Encoder                           : 0 %
        Decoder                           : 0 %
        JPEG                              : 0 %
        OFA                               : 0 %
    Encoder Stats
        Active Sessions                   : 0
        Average FPS                       : 0
        Average Latency                   : 0
    FBC Stats
        Active Sessions                   : 0
        Average FPS                       : 0
        Average Latency                   : 0
    DRAM Encryption Mode
        Current                           : N/A
        Pending                           : N/A
    ECC Mode
        Current                           : Enabled
        Pending                           : Enabled
    ECC Errors
        Volatile
            SRAM Correctable              : 0
            SRAM Uncorrectable Parity     : 0
            SRAM Uncorrectable SEC-DED    : 0
            DRAM Correctable              : 0
            DRAM Uncorrectable            : 0
        Aggregate
            SRAM Correctable              : 0
            SRAM Uncorrectable Parity     : 0
            SRAM Uncorrectable SEC-DED    : 0
            DRAM Correctable              : 0
            DRAM Uncorrectable            : 0
            SRAM Threshold Exceeded       : No
        Aggregate Uncorrectable SRAM Sources
            SRAM L2                       : 0
            SRAM SM                       : 0
            SRAM Microcontroller          : 0
            SRAM PCIE                     : 0
            SRAM Other                    : 0
        Channel Repair Pending            : No
        TPC Repair Pending                : No
    Retired Pages
        Single Bit ECC                    : N/A
        Double Bit ECC                    : N/A
        Pending Page Blacklist            : N/A
    Remapped Rows
        Correctable Error                 : 0
        Uncorrectable Error               : 0
        Pending                           : No
        Remapping Failure Occurred        : No
        Bank Remap Availability Histogram
            Max                           : 640 bank(s)
            High                          : 0 bank(s)
            Partial                       : 0 bank(s)
            Low                           : 0 bank(s)
            None                          : 0 bank(s)
    Temperature
        GPU Current Temp                  : 43 C
        GPU T.Limit Temp                  : N/A
        GPU Shutdown Temp                 : 92 C
        GPU Slowdown Temp                 : 89 C
        GPU Max Operating Temp            : 85 C
        GPU Target Temperature            : N/A
        Memory Current Temp               : 45 C
        Memory Max Operating Temp         : 95 C
    GPU Power Readings
        Average Power Draw                : N/A
        Instantaneous Power Draw          : 95.89 W
        Current Power Limit               : 300.00 W
        Requested Power Limit             : 300.00 W
        Default Power Limit               : 300.00 W
        Min Power Limit                   : 150.00 W
        Max Power Limit                   : 300.00 W
    GPU Memory Power Readings 
        Average Power Draw                : N/A
        Instantaneous Power Draw          : N/A
    Module Power Readings
        Average Power Draw                : N/A
        Instantaneous Power Draw          : N/A
        Current Power Limit               : N/A
        Requested Power Limit             : N/A
        Default Power Limit               : N/A
        Min Power Limit                   : N/A
        Max Power Limit                   : N/A
    Power Smoothing                       : N/A
    Workload Power Profiles
        Requested Profiles                : N/A
        Enforced Profiles                 : N/A
    Clocks
        Graphics                          : 1410 MHz
        SM                                : 1410 MHz
        Memory                            : 1512 MHz
        Video                             : 1275 MHz
    Applications Clocks
        Graphics                          : 1410 MHz
        Memory                            : 1512 MHz
    Default Applications Clocks
        Graphics                          : 1410 MHz
        Memory                            : 1512 MHz
    Deferred Clocks
        Memory                            : N/A
    Max Clocks
        Graphics                          : 1410 MHz
        SM                                : 1410 MHz
        Memory                            : 1512 MHz
        Video                             : 1290 MHz
    Max Customer Boost Clocks
        Graphics                          : 1410 MHz
    Clock Policy
        Auto Boost                        : N/A
        Auto Boost Default                : N/A
    Fabric
        State                             : N/A
        Status                            : N/A
        CliqueId                          : N/A
        ClusterUUID                       : N/A
        Health
            Summary                       : N/A
            Bandwidth                     : N/A
            Route Recovery in progress    : N/A
            Route Unhealthy               : N/A
            Access Timeout Recovery       : N/A
            Incorrect Configuration       : N/A
    Processes                             : None
    Capabilities
        EGM                               : disabled

GPU 00000000:00:0A.0
    Product Name                          : NVIDIA A100 80GB PCIe
    Product Brand                         : NVIDIA
    Product Architecture                  : Ampere
    Display Mode                          : Requested functionality has been deprecated
    Display Attached                      : Yes
    Display Active                        : Disabled
    Persistence Mode                      : Disabled
    Addressing Mode                       : None
    MIG Mode
        Current                           : Disabled
        Pending                           : Disabled
    Accounting Mode                       : Disabled
    Accounting Mode Buffer Size           : 4000
    Driver Model
        Current                           : N/A
        Pending                           : N/A
    Serial Number                         : 1651223025048
    GPU UUID                              : GPU-103cb80a-f098-ba46-171c-c3533f3ea053
    GPU PDI                               : 0xc49720f8871849d9
    Minor Number                          : 3
    VBIOS Version                         : 92.00.A0.00.05
    MultiGPU Board                        : No
    Board ID                              : 0xa
    Board Part Number                     : 900-21001-0020-100
    GPU Part Number                       : 20B5-893-A1
    FRU Part Number                       : N/A
    Platform Info
        Chassis Serial Number             : N/A
        Slot Number                       : N/A
        Tray Index                        : N/A
        Host ID                           : N/A
        Peer Type                         : N/A
        Module Id                         : 1
        GPU Fabric GUID                   : N/A
    Inforom Version
        Image Version                     : 1001.0230.00.03
        OEM Object                        : 2.0
        ECC Object                        : 6.16
        Power Management Object           : N/A
    Inforom BBX Object Flush
        Latest Timestamp                  : N/A
        Latest Duration                   : N/A
    GPU Operation Mode
        Current                           : N/A
        Pending                           : N/A
    GPU C2C Mode                          : N/A
    GPU Virtualization Mode
        Virtualization Mode               : Pass-Through
        Host VGPU Mode                    : N/A
        vGPU Heterogeneous Mode           : N/A
    GPU Recovery Action                   : None
    GSP Firmware Version                  : 580.95.05
    IBMNPU
        Relaxed Ordering Mode             : N/A
    PCI
        Bus                               : 0x00
        Device                            : 0x0A
        Domain                            : 0x0000
        Base Classcode                    : 0x3
        Sub Classcode                     : 0x2
        Device Id                         : 0x20B510DE
        Bus Id                            : 00000000:00:0A.0
        Sub System Id                     : 0x153310DE
        GPU Link Info
            PCIe Generation
                Max                       : 4
                Current                   : 4
                Device Current            : 4
                Device Max                : 4
                Host Max                  : N/A
            Link Width
                Max                       : 16x
                Current                   : 16x
        Bridge Chip
            Type                          : N/A
            Firmware                      : N/A
        Replays Since Reset               : 0
        Replay Number Rollovers           : 0
        Tx Throughput                     : 292 KB/s
        Rx Throughput                     : 292 KB/s
        Atomic Caps Outbound              : N/A
        Atomic Caps Inbound               : N/A
    Fan Speed                             : N/A
    Performance State                     : P0
    Clocks Event Reasons
        Idle                              : Active
        Applications Clocks Setting       : Not Active
        SW Power Cap                      : Not Active
        HW Slowdown                       : Not Active
            HW Thermal Slowdown           : Not Active
            HW Power Brake Slowdown       : Not Active
        Sync Boost                        : Not Active
        SW Thermal Slowdown               : Not Active
        Display Clock Setting             : Not Active
    Clocks Event Reasons Counters
        SW Power Capping                  : 9346762198 us
        Sync Boost                        : 0 us
        SW Thermal Slowdown               : 0 us
        HW Thermal Slowdown               : 0 us
        HW Power Braking                  : 0 us
    Sparse Operation Mode                 : N/A
    FB Memory Usage
        Total                             : 81920 MiB
        Reserved                          : 768 MiB
        Used                              : 0 MiB
        Free                              : 81153 MiB
    BAR1 Memory Usage
        Total                             : 131072 MiB
        Used                              : 1 MiB
        Free                              : 131071 MiB
    Conf Compute Protected Memory Usage
        Total                             : 0 MiB
        Used                              : 0 MiB
        Free                              : 0 MiB
    Compute Mode                          : Default
    Utilization
        GPU                               : 0 %
        Memory                            : 0 %
        Encoder                           : 0 %
        Decoder                           : 0 %
        JPEG                              : 0 %
        OFA                               : 0 %
    Encoder Stats
        Active Sessions                   : 0
        Average FPS                       : 0
        Average Latency                   : 0
    FBC Stats
        Active Sessions                   : 0
        Average FPS                       : 0
        Average Latency                   : 0
    DRAM Encryption Mode
        Current                           : N/A
        Pending                           : N/A
    ECC Mode
        Current                           : Enabled
        Pending                           : Enabled
    ECC Errors
        Volatile
            SRAM Correctable              : 0
            SRAM Uncorrectable Parity     : 0
            SRAM Uncorrectable SEC-DED    : 0
            DRAM Correctable              : 0
            DRAM Uncorrectable            : 0
        Aggregate
            SRAM Correctable              : 0
            SRAM Uncorrectable Parity     : 0
            SRAM Uncorrectable SEC-DED    : 0
            DRAM Correctable              : 0
            DRAM Uncorrectable            : 0
            SRAM Threshold Exceeded       : No
        Aggregate Uncorrectable SRAM Sources
            SRAM L2                       : 0
            SRAM SM                       : 0
            SRAM Microcontroller          : 0
            SRAM PCIE                     : 0
            SRAM Other                    : 0
        Channel Repair Pending            : No
        TPC Repair Pending                : No
    Retired Pages
        Single Bit ECC                    : N/A
        Double Bit ECC                    : N/A
        Pending Page Blacklist            : N/A
    Remapped Rows
        Correctable Error                 : 0
        Uncorrectable Error               : 0
        Pending                           : No
        Remapping Failure Occurred        : No
        Bank Remap Availability Histogram
            Max                           : 640 bank(s)
            High                          : 0 bank(s)
            Partial                       : 0 bank(s)
            Low                           : 0 bank(s)
            None                          : 0 bank(s)
    Temperature
        GPU Current Temp                  : 42 C
        GPU T.Limit Temp                  : N/A
        GPU Shutdown Temp                 : 92 C
        GPU Slowdown Temp                 : 89 C
        GPU Max Operating Temp            : 85 C
        GPU Target Temperature            : N/A
        Memory Current Temp               : 45 C
        Memory Max Operating Temp         : 95 C
    GPU Power Readings
        Average Power Draw                : N/A
        Instantaneous Power Draw          : 99.63 W
        Current Power Limit               : 300.00 W
        Requested Power Limit             : 300.00 W
        Default Power Limit               : 300.00 W
        Min Power Limit                   : 150.00 W
        Max Power Limit                   : 300.00 W
    GPU Memory Power Readings 
        Average Power Draw                : N/A
        Instantaneous Power Draw          : N/A
    Module Power Readings
        Average Power Draw                : N/A
        Instantaneous Power Draw          : N/A
        Current Power Limit               : N/A
        Requested Power Limit             : N/A
        Default Power Limit               : N/A
        Min Power Limit                   : N/A
        Max Power Limit                   : N/A
    Power Smoothing                       : N/A
    Workload Power Profiles
        Requested Profiles                : N/A
        Enforced Profiles                 : N/A
    Clocks
        Graphics                          : 1410 MHz
        SM                                : 1410 MHz
        Memory                            : 1512 MHz
        Video                             : 1275 MHz
    Applications Clocks
        Graphics                          : 1410 MHz
        Memory                            : 1512 MHz
    Default Applications Clocks
        Graphics                          : 1410 MHz
        Memory                            : 1512 MHz
    Deferred Clocks
        Memory                            : N/A
    Max Clocks
        Graphics                          : 1410 MHz
        SM                                : 1410 MHz
        Memory                            : 1512 MHz
        Video                             : 1290 MHz
    Max Customer Boost Clocks
        Graphics                          : 1410 MHz
    Clock Policy
        Auto Boost                        : N/A
        Auto Boost Default                : N/A
    Fabric
        State                             : N/A
        Status                            : N/A
        CliqueId                          : N/A
        ClusterUUID                       : N/A
        Health
            Summary                       : N/A
            Bandwidth                     : N/A
            Route Recovery in progress    : N/A
            Route Unhealthy               : N/A
            Access Timeout Recovery       : N/A
            Incorrect Configuration       : N/A
    Processes                             : None
    Capabilities
        EGM                               : disabled

GPU 00000000:00:0B.0
    Product Name                          : NVIDIA A100 80GB PCIe
    Product Brand                         : NVIDIA
    Product Architecture                  : Ampere
    Display Mode                          : Requested functionality has been deprecated
    Display Attached                      : Yes
    Display Active                        : Disabled
    Persistence Mode                      : Disabled
    Addressing Mode                       : None
    MIG Mode
        Current                           : Disabled
        Pending                           : Disabled
    Accounting Mode                       : Disabled
    Accounting Mode Buffer Size           : 4000
    Driver Model
        Current                           : N/A
        Pending                           : N/A
    Serial Number                         : 1324321150837
    GPU UUID                              : GPU-79ceadaf-7fc0-9eb5-5e32-923c239983dc
    GPU PDI                               : 0xfc2e76334acc4fb8
    Minor Number                          : 4
    VBIOS Version                         : 92.00.68.00.01
    MultiGPU Board                        : No
    Board ID                              : 0xb
    Board Part Number                     : 900-21001-0020-000
    GPU Part Number                       : 20B5-893-A1
    FRU Part Number                       : N/A
    Platform Info
        Chassis Serial Number             : N/A
        Slot Number                       : N/A
        Tray Index                        : N/A
        Host ID                           : N/A
        Peer Type                         : N/A
        Module Id                         : 1
        GPU Fabric GUID                   : N/A
    Inforom Version
        Image Version                     : 1001.0230.00.03
        OEM Object                        : 2.0
        ECC Object                        : 6.16
        Power Management Object           : N/A
    Inforom BBX Object Flush
        Latest Timestamp                  : N/A
        Latest Duration                   : N/A
    GPU Operation Mode
        Current                           : N/A
        Pending                           : N/A
    GPU C2C Mode                          : N/A
    GPU Virtualization Mode
        Virtualization Mode               : Pass-Through
        Host VGPU Mode                    : N/A
        vGPU Heterogeneous Mode           : N/A
    GPU Recovery Action                   : None
    GSP Firmware Version                  : 580.95.05
    IBMNPU
        Relaxed Ordering Mode             : N/A
    PCI
        Bus                               : 0x00
        Device                            : 0x0B
        Domain                            : 0x0000
        Base Classcode                    : 0x3
        Sub Classcode                     : 0x2
        Device Id                         : 0x20B510DE
        Bus Id                            : 00000000:00:0B.0
        Sub System Id                     : 0x153310DE
        GPU Link Info
            PCIe Generation
                Max                       : 4
                Current                   : 4
                Device Current            : 4
                Device Max                : 4
                Host Max                  : N/A
            Link Width
                Max                       : 16x
                Current                   : 16x
        Bridge Chip
            Type                          : N/A
            Firmware                      : N/A
        Replays Since Reset               : 0
        Replay Number Rollovers           : 0
        Tx Throughput                     : 341 KB/s
        Rx Throughput                     : 292 KB/s
        Atomic Caps Outbound              : N/A
        Atomic Caps Inbound               : N/A
    Fan Speed                             : N/A
    Performance State                     : P0
    Clocks Event Reasons
        Idle                              : Active
        Applications Clocks Setting       : Not Active
        SW Power Cap                      : Not Active
        HW Slowdown                       : Not Active
            HW Thermal Slowdown           : Not Active
            HW Power Brake Slowdown       : Not Active
        Sync Boost                        : Not Active
        SW Thermal Slowdown               : Not Active
        Display Clock Setting             : Not Active
    Clocks Event Reasons Counters
        SW Power Capping                  : 0 us
        Sync Boost                        : 0 us
        SW Thermal Slowdown               : 0 us
        HW Thermal Slowdown               : 0 us
        HW Power Braking                  : 0 us
    Sparse Operation Mode                 : N/A
    FB Memory Usage
        Total                             : 81920 MiB
        Reserved                          : 768 MiB
        Used                              : 0 MiB
        Free                              : 81153 MiB
    BAR1 Memory Usage
        Total                             : 131072 MiB
        Used                              : 1 MiB
        Free                              : 131071 MiB
    Conf Compute Protected Memory Usage
        Total                             : 0 MiB
        Used                              : 0 MiB
        Free                              : 0 MiB
    Compute Mode                          : Default
    Utilization
        GPU                               : 0 %
        Memory                            : 0 %
        Encoder                           : 0 %
        Decoder                           : 0 %
        JPEG                              : 0 %
        OFA                               : 0 %
    Encoder Stats
        Active Sessions                   : 0
        Average FPS                       : 0
        Average Latency                   : 0
    FBC Stats
        Active Sessions                   : 0
        Average FPS                       : 0
        Average Latency                   : 0
    DRAM Encryption Mode
        Current                           : N/A
        Pending                           : N/A
    ECC Mode
        Current                           : Enabled
        Pending                           : Enabled
    ECC Errors
        Volatile
            SRAM Correctable              : 0
            SRAM Uncorrectable Parity     : 0
            SRAM Uncorrectable SEC-DED    : 0
            DRAM Correctable              : 0
            DRAM Uncorrectable            : 0
        Aggregate
            SRAM Correctable              : 0
            SRAM Uncorrectable Parity     : 0
            SRAM Uncorrectable SEC-DED    : 0
            DRAM Correctable              : 0
            DRAM Uncorrectable            : 0
            SRAM Threshold Exceeded       : No
        Aggregate Uncorrectable SRAM Sources
            SRAM L2                       : 0
            SRAM SM                       : 0
            SRAM Microcontroller          : 0
            SRAM PCIE                     : 0
            SRAM Other                    : 0
        Channel Repair Pending            : No
        TPC Repair Pending                : No
    Retired Pages
        Single Bit ECC                    : N/A
        Double Bit ECC                    : N/A
        Pending Page Blacklist            : N/A
    Remapped Rows
        Correctable Error                 : 0
        Uncorrectable Error               : 0
        Pending                           : No
        Remapping Failure Occurred        : No
        Bank Remap Availability Histogram
            Max                           : 640 bank(s)
            High                          : 0 bank(s)
            Partial                       : 0 bank(s)
            Low                           : 0 bank(s)
            None                          : 0 bank(s)
    Temperature
        GPU Current Temp                  : 36 C
        GPU T.Limit Temp                  : N/A
        GPU Shutdown Temp                 : 92 C
        GPU Slowdown Temp                 : 89 C
        GPU Max Operating Temp            : 85 C
        GPU Target Temperature            : N/A
        Memory Current Temp               : 49 C
        Memory Max Operating Temp         : 95 C
    GPU Power Readings
        Average Power Draw                : N/A
        Instantaneous Power Draw          : 94.77 W
        Current Power Limit               : 300.00 W
        Requested Power Limit             : 300.00 W
        Default Power Limit               : 300.00 W
        Min Power Limit                   : 150.00 W
        Max Power Limit                   : 300.00 W
    GPU Memory Power Readings 
        Average Power Draw                : N/A
        Instantaneous Power Draw          : N/A
    Module Power Readings
        Average Power Draw                : N/A
        Instantaneous Power Draw          : N/A
        Current Power Limit               : N/A
        Requested Power Limit             : N/A
        Default Power Limit               : N/A
        Min Power Limit                   : N/A
        Max Power Limit                   : N/A
    Power Smoothing                       : N/A
    Workload Power Profiles
        Requested Profiles                : N/A
        Enforced Profiles                 : N/A
    Clocks
        Graphics                          : 1410 MHz
        SM                                : 1410 MHz
        Memory                            : 1512 MHz
        Video                             : 1275 MHz
    Applications Clocks
        Graphics                          : 1410 MHz
        Memory                            : 1512 MHz
    Default Applications Clocks
        Graphics                          : 1410 MHz
        Memory                            : 1512 MHz
    Deferred Clocks
        Memory                            : N/A
    Max Clocks
        Graphics                          : 1410 MHz
        SM                                : 1410 MHz
        Memory                            : 1512 MHz
        Video                             : 1290 MHz
    Max Customer Boost Clocks
        Graphics                          : 1410 MHz
    Clock Policy
        Auto Boost                        : N/A
        Auto Boost Default                : N/A
    Fabric
        State                             : N/A
        Status                            : N/A
        CliqueId                          : N/A
        ClusterUUID                       : N/A
        Health
            Summary                       : N/A
            Bandwidth                     : N/A
            Route Recovery in progress    : N/A
            Route Unhealthy               : N/A
            Access Timeout Recovery       : N/A
            Incorrect Configuration       : N/A
    Processes                             : None
    Capabilities
        EGM                               : disabled


$ nvidia-smi topo -m
[38;2;0;183;235m[36m                         â–’â–’  [0m
[38;2;0;183;235m[36m                      â–’â–’â–’    [0m
[38;2;0;183;235m[36m                   â–’â–’â–’â–’â–’     [0m
[38;2;0;183;235m[36m               â–’â–’â–’â–’â–’â–’â–’â–’      [38;2;0;183;235m[36m     â•­â”€â”€â”€â”€â”€â”€â”€â”€â”€â”€â”€â”€â”€â”€â”€â”€â”€â”€â”€â”€â”€â”€â”€â”€â”€â”€â”€â”€â”€â”€â”€â”€â”€â”€â”€â•®[0m
[38;2;0;183;235m[36m            â–’â–’â–’â–’â–’â–’â–’â–’â–’        [38;2;0;183;235m[36m     â”‚    Welcome to Thunder Compute!    â”‚[0m
[38;2;0;183;235m[36m        â–’â–’â–’â–’â–’â–’â–’â–’â–’â–’â–’â–’â–’â–’â–’â–’â–’â–’â–’â–’ [38;2;0;183;235m[36m     â”‚    For help, join our Discord:    â”‚[0m
[38;2;0;183;235m[36m                      â–’â–’â–’    [38;2;0;183;235m[36m     â”‚       [37mdiscord.gg/nwuETS9jJK[38;2;0;183;235m[36m       â”‚[0m
[38;2;0;183;235m[36m â–’â–’â–’â–’â–’â–’â–’â–’â–’â–’â–’â–’â–’â–’â–’â–’   â–’â–’â–’      [38;2;0;183;235m[36m     â•°â”€â”€â”€â”€â”€â”€â”€â”€â”€â”€â”€â”€â”€â”€â”€â”€â”€â”€â”€â”€â”€â”€â”€â”€â”€â”€â”€â”€â”€â”€â”€â”€â”€â”€â”€â•¯[0m
[38;2;0;183;235m[36m             â–’â–’â–’  â–’â–’â–’        [0m
[38;2;0;183;235m[36m            â–’â–’â–’â–’â–’â–’â–’          [37m     OS:      Ubuntu 22.04.5 LTS x86_64[0m
[38;2;0;183;235m[36m          â–’â–’â–’â–’â–’â–’â–’            [37m     Shell:   /bin/bash[0m
[38;2;0;183;235m[36m         â–’â–’â–’â–’â–’â–’              [37m     GPU:     Unknown[0m
[38;2;0;183;235m[36m        â–’â–’â–’â–’                 [37m     CPU:     72 vCPUs[0m
[38;2;0;183;235m[36m      â–’â–’â–’â–’                   [37m     Storage: 590G free of 688G[0m
[38;2;0;183;235m[36m     â–’â–’â–’                     [37m     Memory:  547 GB[0m
[38;2;0;183;235m[36m   â–’â–’â–’                       [37m     Mode:    Production[0m
[38;2;0;183;235m[36m  â–’â–’                         [0m
[38;2;0;183;235m[36m â–’                           [0m

[31m    WARNING: Storage is ephemeral and will be deleted on shutdown or crash.

	[4mGPU0	GPU1	GPU2	GPU3	CPU Affinity	NUMA Affinity	GPU NUMA ID[0m
GPU0	 X 	PHB	PHB	PHB	0-71	0-1		N/A
GPU1	PHB	 X 	PHB	PHB	0-71	0-1		N/A
GPU2	PHB	PHB	 X 	PHB	0-71	0-1		N/A
GPU3	PHB	PHB	PHB	 X 	0-71	0-1		N/A

Legend:

  X    = Self
  SYS  = Connection traversing PCIe as well as the SMP interconnect between NUMA nodes (e.g., QPI/UPI)
  NODE = Connection traversing PCIe as well as the interconnect between PCIe Host Bridges within a NUMA node
  PHB  = Connection traversing PCIe as well as a PCIe Host Bridge (typically the CPU)
  PXB  = Connection traversing multiple PCIe bridges (without traversing the PCIe Host Bridge)
  PIX  = Connection traversing at most a single PCIe bridge
  NV#  = Connection traversing a bonded set of # NVLinks

$ cat /proc/driver/nvidia/version
[38;2;0;183;235m[36m                         â–’â–’  [0m
[38;2;0;183;235m[36m                      â–’â–’â–’    [0m
[38;2;0;183;235m[36m                   â–’â–’â–’â–’â–’     [0m
[38;2;0;183;235m[36m               â–’â–’â–’â–’â–’â–’â–’â–’      [38;2;0;183;235m[36m     â•­â”€â”€â”€â”€â”€â”€â”€â”€â”€â”€â”€â”€â”€â”€â”€â”€â”€â”€â”€â”€â”€â”€â”€â”€â”€â”€â”€â”€â”€â”€â”€â”€â”€â”€â”€â•®[0m
[38;2;0;183;235m[36m            â–’â–’â–’â–’â–’â–’â–’â–’â–’        [38;2;0;183;235m[36m     â”‚    Welcome to Thunder Compute!    â”‚[0m
[38;2;0;183;235m[36m        â–’â–’â–’â–’â–’â–’â–’â–’â–’â–’â–’â–’â–’â–’â–’â–’â–’â–’â–’â–’ [38;2;0;183;235m[36m     â”‚    For help, join our Discord:    â”‚[0m
[38;2;0;183;235m[36m                      â–’â–’â–’    [38;2;0;183;235m[36m     â”‚       [37mdiscord.gg/nwuETS9jJK[38;2;0;183;235m[36m       â”‚[0m
[38;2;0;183;235m[36m â–’â–’â–’â–’â–’â–’â–’â–’â–’â–’â–’â–’â–’â–’â–’â–’   â–’â–’â–’      [38;2;0;183;235m[36m     â•°â”€â”€â”€â”€â”€â”€â”€â”€â”€â”€â”€â”€â”€â”€â”€â”€â”€â”€â”€â”€â”€â”€â”€â”€â”€â”€â”€â”€â”€â”€â”€â”€â”€â”€â”€â•¯[0m
[38;2;0;183;235m[36m             â–’â–’â–’  â–’â–’â–’        [0m
[38;2;0;183;235m[36m            â–’â–’â–’â–’â–’â–’â–’          [37m     OS:      Ubuntu 22.04.5 LTS x86_64[0m
[38;2;0;183;235m[36m          â–’â–’â–’â–’â–’â–’â–’            [37m     Shell:   /bin/bash[0m
[38;2;0;183;235m[36m         â–’â–’â–’â–’â–’â–’              [37m     GPU:     Unknown[0m
[38;2;0;183;235m[36m        â–’â–’â–’â–’                 [37m     CPU:     72 vCPUs[0m
[38;2;0;183;235m[36m      â–’â–’â–’â–’                   [37m     Storage: 590G free of 688G[0m
[38;2;0;183;235m[36m     â–’â–’â–’                     [37m     Memory:  547 GB[0m
[38;2;0;183;235m[36m   â–’â–’â–’                       [37m     Mode:    Production[0m
[38;2;0;183;235m[36m  â–’â–’                         [0m
[38;2;0;183;235m[36m â–’                           [0m

[31m    WARNING: Storage is ephemeral and will be deleted on shutdown or crash.

NVRM version: NVIDIA UNIX x86_64 Kernel Module  580.95.05  Tue Sep 23 10:11:16 UTC 2025
GCC version:  

$ nvcc --version
[38;2;0;183;235m[36m                         â–’â–’  [0m
[38;2;0;183;235m[36m                      â–’â–’â–’    [0m
[38;2;0;183;235m[36m                   â–’â–’â–’â–’â–’     [0m
[38;2;0;183;235m[36m               â–’â–’â–’â–’â–’â–’â–’â–’      [38;2;0;183;235m[36m     â•­â”€â”€â”€â”€â”€â”€â”€â”€â”€â”€â”€â”€â”€â”€â”€â”€â”€â”€â”€â”€â”€â”€â”€â”€â”€â”€â”€â”€â”€â”€â”€â”€â”€â”€â”€â•®[0m
[38;2;0;183;235m[36m            â–’â–’â–’â–’â–’â–’â–’â–’â–’        [38;2;0;183;235m[36m     â”‚    Welcome to Thunder Compute!    â”‚[0m
[38;2;0;183;235m[36m        â–’â–’â–’â–’â–’â–’â–’â–’â–’â–’â–’â–’â–’â–’â–’â–’â–’â–’â–’â–’ [38;2;0;183;235m[36m     â”‚    For help, join our Discord:    â”‚[0m
[38;2;0;183;235m[36m                      â–’â–’â–’    [38;2;0;183;235m[36m     â”‚       [37mdiscord.gg/nwuETS9jJK[38;2;0;183;235m[36m       â”‚[0m
[38;2;0;183;235m[36m â–’â–’â–’â–’â–’â–’â–’â–’â–’â–’â–’â–’â–’â–’â–’â–’   â–’â–’â–’      [38;2;0;183;235m[36m     â•°â”€â”€â”€â”€â”€â”€â”€â”€â”€â”€â”€â”€â”€â”€â”€â”€â”€â”€â”€â”€â”€â”€â”€â”€â”€â”€â”€â”€â”€â”€â”€â”€â”€â”€â”€â•¯[0m
[38;2;0;183;235m[36m             â–’â–’â–’  â–’â–’â–’        [0m
[38;2;0;183;235m[36m            â–’â–’â–’â–’â–’â–’â–’          [37m     OS:      Ubuntu 22.04.5 LTS x86_64[0m
[38;2;0;183;235m[36m          â–’â–’â–’â–’â–’â–’â–’            [37m     Shell:   /bin/bash[0m
[38;2;0;183;235m[36m         â–’â–’â–’â–’â–’â–’              [37m     GPU:     Unknown[0m
[38;2;0;183;235m[36m        â–’â–’â–’â–’                 [37m     CPU:     72 vCPUs[0m
[38;2;0;183;235m[36m      â–’â–’â–’â–’                   [37m     Storage: 590G free of 688G[0m
[38;2;0;183;235m[36m     â–’â–’â–’                     [37m     Memory:  547 GB[0m
[38;2;0;183;235m[36m   â–’â–’â–’                       [37m     Mode:    Production[0m
[38;2;0;183;235m[36m  â–’â–’                         [0m
[38;2;0;183;235m[36m â–’                           [0m

[31m    WARNING: Storage is ephemeral and will be deleted on shutdown or crash.

nvcc: NVIDIA (R) Cuda compiler driver
Copyright (c) 2005-2025 NVIDIA Corporation
Built on Fri_Feb_21_20:23:50_PST_2025
Cuda compilation tools, release 12.8, V12.8.93
Build cuda_12.8.r12.8/compiler.35583870_0

$ ldconfig -p | rg -i "cuda|cudnn|nccl" || true
[38;2;0;183;235m[36m                         â–’â–’  [0m
[38;2;0;183;235m[36m                      â–’â–’â–’    [0m
[38;2;0;183;235m[36m                   â–’â–’â–’â–’â–’     [0m
[38;2;0;183;235m[36m               â–’â–’â–’â–’â–’â–’â–’â–’      [38;2;0;183;235m[36m     â•­â”€â”€â”€â”€â”€â”€â”€â”€â”€â”€â”€â”€â”€â”€â”€â”€â”€â”€â”€â”€â”€â”€â”€â”€â”€â”€â”€â”€â”€â”€â”€â”€â”€â”€â”€â•®[0m
[38;2;0;183;235m[36m            â–’â–’â–’â–’â–’â–’â–’â–’â–’        [38;2;0;183;235m[36m     â”‚    Welcome to Thunder Compute!    â”‚[0m
[38;2;0;183;235m[36m        â–’â–’â–’â–’â–’â–’â–’â–’â–’â–’â–’â–’â–’â–’â–’â–’â–’â–’â–’â–’ [38;2;0;183;235m[36m     â”‚    For help, join our Discord:    â”‚[0m
[38;2;0;183;235m[36m                      â–’â–’â–’    [38;2;0;183;235m[36m     â”‚       [37mdiscord.gg/nwuETS9jJK[38;2;0;183;235m[36m       â”‚[0m
[38;2;0;183;235m[36m â–’â–’â–’â–’â–’â–’â–’â–’â–’â–’â–’â–’â–’â–’â–’â–’   â–’â–’â–’      [38;2;0;183;235m[36m     â•°â”€â”€â”€â”€â”€â”€â”€â”€â”€â”€â”€â”€â”€â”€â”€â”€â”€â”€â”€â”€â”€â”€â”€â”€â”€â”€â”€â”€â”€â”€â”€â”€â”€â”€â”€â•¯[0m
[38;2;0;183;235m[36m             â–’â–’â–’  â–’â–’â–’        [0m
[38;2;0;183;235m[36m            â–’â–’â–’â–’â–’â–’â–’          [37m     OS:      Ubuntu 22.04.5 LTS x86_64[0m
[38;2;0;183;235m[36m          â–’â–’â–’â–’â–’â–’â–’            [37m     Shell:   /bin/bash[0m
[38;2;0;183;235m[36m         â–’â–’â–’â–’â–’â–’              [37m     GPU:     Unknown[0m
[38;2;0;183;235m[36m        â–’â–’â–’â–’                 [37m     CPU:     72 vCPUs[0m
[38;2;0;183;235m[36m      â–’â–’â–’â–’                   [37m     Storage: 590G free of 688G[0m
[38;2;0;183;235m[36m     â–’â–’â–’                     [37m     Memory:  547 GB[0m
[38;2;0;183;235m[36m   â–’â–’â–’                       [37m     Mode:    Production[0m
[38;2;0;183;235m[36m  â–’â–’                         [0m
[38;2;0;183;235m[36m â–’                           [0m

[31m    WARNING: Storage is ephemeral and will be deleted on shutdown or crash.

bash: line 1: rg: command not found

== Python / Pip / Env ==

$ /usr/bin/python -V
Python 3.10.12

$ /usr/bin/python -
python: 3.10.12 (main, Aug 15 2025, 14:32:43) [GCC 11.4.0]
platform: Linux-6.14.0-35-generic-x86_64-with-glibc2.35
torch: 2.9.0+cu128
transformers: NOT INSTALLED (ModuleNotFoundError: No module named 'transformers')
datasets: NOT INSTALLED (ModuleNotFoundError: No module named 'datasets')
peft: NOT INSTALLED (ModuleNotFoundError: No module named 'peft')
accelerate: NOT INSTALLED (ModuleNotFoundError: No module named 'accelerate')
deepspeed: NOT INSTALLED (ModuleNotFoundError: No module named 'deepspeed')
bitsandbytes: NOT INSTALLED (ModuleNotFoundError: No module named 'bitsandbytes')
flash_attn: NOT INSTALLED (ModuleNotFoundError: No module named 'flash_attn')
triton: 3.5.0
xformers: NOT INSTALLED (ModuleNotFoundError: No module named 'xformers')
axolotl: NOT INSTALLED (ModuleNotFoundError: No module named 'axolotl')
mlflow: NOT INSTALLED (ModuleNotFoundError: No module named 'mlflow')
wandb: NOT INSTALLED (ModuleNotFoundError: No module named 'wandb')
unsloth: NOT INSTALLED (ModuleNotFoundError: No module named 'unsloth')
torch.cuda.is_available: True
torch.version.cuda: 12.8
torch.cuda.device_count: 4
cuda[0]: NVIDIA A100 80GB PCIe
cuda[1]: NVIDIA A100 80GB PCIe
cuda[2]: NVIDIA A100 80GB PCIe
cuda[3]: NVIDIA A100 80GB PCIe

$ /usr/bin/python -m pip -V
[38;2;0;183;235m[36m                         â–’â–’  [0m
[38;2;0;183;235m[36m                      â–’â–’â–’    [0m
[38;2;0;183;235m[36m                   â–’â–’â–’â–’â–’     [0m
[38;2;0;183;235m[36m               â–’â–’â–’â–’â–’â–’â–’â–’      [38;2;0;183;235m[36m     â•­â”€â”€â”€â”€â”€â”€â”€â”€â”€â”€â”€â”€â”€â”€â”€â”€â”€â”€â”€â”€â”€â”€â”€â”€â”€â”€â”€â”€â”€â”€â”€â”€â”€â”€â”€â•®[0m
[38;2;0;183;235m[36m            â–’â–’â–’â–’â–’â–’â–’â–’â–’        [38;2;0;183;235m[36m     â”‚    Welcome to Thunder Compute!    â”‚[0m
[38;2;0;183;235m[36m        â–’â–’â–’â–’â–’â–’â–’â–’â–’â–’â–’â–’â–’â–’â–’â–’â–’â–’â–’â–’ [38;2;0;183;235m[36m     â”‚    For help, join our Discord:    â”‚[0m
[38;2;0;183;235m[36m                      â–’â–’â–’    [38;2;0;183;235m[36m     â”‚       [37mdiscord.gg/nwuETS9jJK[38;2;0;183;235m[36m       â”‚[0m
[38;2;0;183;235m[36m â–’â–’â–’â–’â–’â–’â–’â–’â–’â–’â–’â–’â–’â–’â–’â–’   â–’â–’â–’      [38;2;0;183;235m[36m     â•°â”€â”€â”€â”€â”€â”€â”€â”€â”€â”€â”€â”€â”€â”€â”€â”€â”€â”€â”€â”€â”€â”€â”€â”€â”€â”€â”€â”€â”€â”€â”€â”€â”€â”€â”€â•¯[0m
[38;2;0;183;235m[36m             â–’â–’â–’  â–’â–’â–’        [0m
[38;2;0;183;235m[36m            â–’â–’â–’â–’â–’â–’â–’          [37m     OS:      Ubuntu 22.04.5 LTS x86_64[0m
[38;2;0;183;235m[36m          â–’â–’â–’â–’â–’â–’â–’            [37m     Shell:   /bin/bash[0m
[38;2;0;183;235m[36m         â–’â–’â–’â–’â–’â–’              [37m     GPU:     Unknown[0m
[38;2;0;183;235m[36m        â–’â–’â–’â–’                 [37m     CPU:     72 vCPUs[0m
[38;2;0;183;235m[36m      â–’â–’â–’â–’                   [37m     Storage: 590G free of 688G[0m
[38;2;0;183;235m[36m     â–’â–’â–’                     [37m     Memory:  547 GB[0m
[38;2;0;183;235m[36m   â–’â–’â–’                       [37m     Mode:    Production[0m
[38;2;0;183;235m[36m  â–’â–’                         [0m
[38;2;0;183;235m[36m â–’                           [0m

[31m    WARNING: Storage is ephemeral and will be deleted on shutdown or crash.

pip 22.0.2 from /usr/lib/python3/dist-packages/pip (python 3.10)

$ /usr/bin/python -m pip list
[38;2;0;183;235m[36m                         â–’â–’  [0m
[38;2;0;183;235m[36m                      â–’â–’â–’    [0m
[38;2;0;183;235m[36m                   â–’â–’â–’â–’â–’     [0m
[38;2;0;183;235m[36m               â–’â–’â–’â–’â–’â–’â–’â–’      [38;2;0;183;235m[36m     â•­â”€â”€â”€â”€â”€â”€â”€â”€â”€â”€â”€â”€â”€â”€â”€â”€â”€â”€â”€â”€â”€â”€â”€â”€â”€â”€â”€â”€â”€â”€â”€â”€â”€â”€â”€â•®[0m
[38;2;0;183;235m[36m            â–’â–’â–’â–’â–’â–’â–’â–’â–’        [38;2;0;183;235m[36m     â”‚    Welcome to Thunder Compute!    â”‚[0m
[38;2;0;183;235m[36m        â–’â–’â–’â–’â–’â–’â–’â–’â–’â–’â–’â–’â–’â–’â–’â–’â–’â–’â–’â–’ [38;2;0;183;235m[36m     â”‚    For help, join our Discord:    â”‚[0m
[38;2;0;183;235m[36m                      â–’â–’â–’    [38;2;0;183;235m[36m     â”‚       [37mdiscord.gg/nwuETS9jJK[38;2;0;183;235m[36m       â”‚[0m
[38;2;0;183;235m[36m â–’â–’â–’â–’â–’â–’â–’â–’â–’â–’â–’â–’â–’â–’â–’â–’   â–’â–’â–’      [38;2;0;183;235m[36m     â•°â”€â”€â”€â”€â”€â”€â”€â”€â”€â”€â”€â”€â”€â”€â”€â”€â”€â”€â”€â”€â”€â”€â”€â”€â”€â”€â”€â”€â”€â”€â”€â”€â”€â”€â”€â•¯[0m
[38;2;0;183;235m[36m             â–’â–’â–’  â–’â–’â–’        [0m
[38;2;0;183;235m[36m            â–’â–’â–’â–’â–’â–’â–’          [37m     OS:      Ubuntu 22.04.5 LTS x86_64[0m
[38;2;0;183;235m[36m          â–’â–’â–’â–’â–’â–’â–’            [37m     Shell:   /bin/bash[0m
[38;2;0;183;235m[36m         â–’â–’â–’â–’â–’â–’              [37m     GPU:     Unknown[0m
[38;2;0;183;235m[36m        â–’â–’â–’â–’                 [37m     CPU:     72 vCPUs[0m
[38;2;0;183;235m[36m      â–’â–’â–’â–’                   [37m     Storage: 590G free of 688G[0m
[38;2;0;183;235m[36m     â–’â–’â–’                     [37m     Memory:  547 GB[0m
[38;2;0;183;235m[36m   â–’â–’â–’                       [37m     Mode:    Production[0m
[38;2;0;183;235m[36m  â–’â–’                         [0m
[38;2;0;183;235m[36m â–’                           [0m

[31m    WARNING: Storage is ephemeral and will be deleted on shutdown or crash.

Package                   Version
------------------------- --------------
anyio                     4.11.0
argon2-cffi               25.1.0
argon2-cffi-bindings      25.1.0
arrow                     1.3.0
asttokens                 3.0.0
async-lru                 2.0.5
attrs                     25.4.0
babel                     2.17.0
beautifulsoup4            4.14.2
bleach                    6.2.0
blinker                   1.4
certifi                   2025.10.5
cffi                      2.0.0
charset-normalizer        3.4.4
comm                      0.2.3
contourpy                 1.3.2
cryptography              3.4.8
cycler                    0.12.1
dbus-python               1.2.18
debugpy                   1.8.17
decorator                 5.2.1
defusedxml                0.7.1
distro                    1.7.0
distro-info               1.1+ubuntu0.2
exceptiongroup            1.3.0
executing                 2.2.1
fastjsonschema            2.21.2
filelock                  3.20.0
fonttools                 4.60.1
fqdn                      1.5.1
fsspec                    2025.9.0
gyp                       0.1
h11                       0.16.0
httpcore                  1.0.9
httplib2                  0.20.2
httpx                     0.28.1
idna                      3.11
importlib-metadata        4.6.4
ipykernel                 7.0.1
ipython                   8.37.0
isoduration               20.11.0
jedi                      0.19.2
jeepney                   0.7.1
Jinja2                    3.1.6
joblib                    1.5.2
json5                     0.12.1
jsonpointer               3.0.0
jsonschema                4.25.1
jsonschema-specifications 2025.9.1
jupyter_client            8.6.3
jupyter_core              5.8.1
jupyter-events            0.12.0
jupyter-lsp               2.3.0
jupyter_server            2.17.0
jupyter_server_terminals  0.5.3
jupyterlab                4.4.9
jupyterlab_pygments       0.3.0
jupyterlab_server         2.27.3
keyring                   23.5.0
kiwisolver                1.4.9
lark                      1.3.0
launchpadlib              1.10.16
lazr.restfulclient        0.14.4
lazr.uri                  1.0.6
MarkupSafe                3.0.3
matplotlib                3.10.7
matplotlib-inline         0.1.7
mistune                   3.1.4
more-itertools            8.10.0
mpmath                    1.3.0
nbclient                  0.10.2
nbconvert                 7.16.6
nbformat                  5.10.4
nest-asyncio              1.6.0
networkx                  3.4.2
notebook_shim             0.2.4
numpy                     2.2.6
nvidia-cublas-cu12        12.8.4.1
nvidia-cuda-cupti-cu12    12.8.90
nvidia-cuda-nvrtc-cu12    12.8.93
nvidia-cuda-runtime-cu12  12.8.90
nvidia-cudnn-cu12         9.10.2.21
nvidia-cufft-cu12         11.3.3.83
nvidia-cufile-cu12        1.13.1.3
nvidia-curand-cu12        10.3.9.90
nvidia-cusolver-cu12      11.7.3.90
nvidia-cusparse-cu12      12.5.8.93
nvidia-cusparselt-cu12    0.7.1
nvidia-nccl-cu12          2.27.5
nvidia-nvjitlink-cu12     12.8.93
nvidia-nvshmem-cu12       3.3.20
nvidia-nvtx-cu12          12.8.90
oauthlib                  3.2.0
overrides                 7.7.0
packaging                 25.0
pandas                    2.3.3
pandocfilters             1.5.1
parso                     0.8.5
pexpect                   4.9.0
pillow                    12.0.0
pip                       22.0.2
platformdirs              4.5.0
prometheus_client         0.23.1
prompt_toolkit            3.0.52
psutil                    7.1.0
ptyprocess                0.7.0
pure_eval                 0.2.3
pycparser                 2.23
Pygments                  2.19.2
PyGObject                 3.42.1
PyJWT                     2.3.0
pyparsing                 3.2.5
python-apt                2.4.0+ubuntu4
python-dateutil           2.9.0.post0
python-json-logger        4.0.0
pytz                      2025.2
PyYAML                    6.0.3
pyzmq                     27.1.0
referencing               0.37.0
requests                  2.32.5
rfc3339-validator         0.1.4
rfc3986-validator         0.1.1
rfc3987-syntax            1.1.0
rpds-py                   0.27.1
scikit-learn              1.7.2
scipy                     1.15.3
screen-resolution-extra   0.0.0
seaborn                   0.13.2
SecretStorage             3.3.1
Send2Trash                1.8.3
setuptools                59.6.0
six                       1.17.0
sniffio                   1.3.1
soupsieve                 2.8
ssh-import-id             5.11
stack-data                0.6.3
sympy                     1.14.0
terminado                 0.18.1
threadpoolctl             3.6.0
tinycss2                  1.4.0
tomli                     2.3.0
torch                     2.9.0
torchaudio                2.9.0
torchvision               0.24.0
tornado                   6.5.2
traitlets                 5.14.3
triton                    3.5.0
types-python-dateutil     2.9.0.20251008
typing_extensions         4.15.0
tzdata                    2025.2
unattended-upgrades       0.1
uri-template              1.3.0
urllib3                   2.5.0
wadllib                   1.3.6
wcwidth                   0.2.14
webcolors                 24.11.1
webencodings              0.5.1
websocket-client          1.9.0
wheel                     0.37.1
xkit                      0.0.0
zipp                      1.0.0

$ /usr/bin/python -m pip freeze
[38;2;0;183;235m[36m                         â–’â–’  [0m
[38;2;0;183;235m[36m                      â–’â–’â–’    [0m
[38;2;0;183;235m[36m                   â–’â–’â–’â–’â–’     [0m
[38;2;0;183;235m[36m               â–’â–’â–’â–’â–’â–’â–’â–’      [38;2;0;183;235m[36m     â•­â”€â”€â”€â”€â”€â”€â”€â”€â”€â”€â”€â”€â”€â”€â”€â”€â”€â”€â”€â”€â”€â”€â”€â”€â”€â”€â”€â”€â”€â”€â”€â”€â”€â”€â”€â•®[0m
[38;2;0;183;235m[36m            â–’â–’â–’â–’â–’â–’â–’â–’â–’        [38;2;0;183;235m[36m     â”‚    Welcome to Thunder Compute!    â”‚[0m
[38;2;0;183;235m[36m        â–’â–’â–’â–’â–’â–’â–’â–’â–’â–’â–’â–’â–’â–’â–’â–’â–’â–’â–’â–’ [38;2;0;183;235m[36m     â”‚    For help, join our Discord:    â”‚[0m
[38;2;0;183;235m[36m                      â–’â–’â–’    [38;2;0;183;235m[36m     â”‚       [37mdiscord.gg/nwuETS9jJK[38;2;0;183;235m[36m       â”‚[0m
[38;2;0;183;235m[36m â–’â–’â–’â–’â–’â–’â–’â–’â–’â–’â–’â–’â–’â–’â–’â–’   â–’â–’â–’      [38;2;0;183;235m[36m     â•°â”€â”€â”€â”€â”€â”€â”€â”€â”€â”€â”€â”€â”€â”€â”€â”€â”€â”€â”€â”€â”€â”€â”€â”€â”€â”€â”€â”€â”€â”€â”€â”€â”€â”€â”€â•¯[0m
[38;2;0;183;235m[36m             â–’â–’â–’  â–’â–’â–’        [0m
[38;2;0;183;235m[36m            â–’â–’â–’â–’â–’â–’â–’          [37m     OS:      Ubuntu 22.04.5 LTS x86_64[0m
[38;2;0;183;235m[36m          â–’â–’â–’â–’â–’â–’â–’            [37m     Shell:   /bin/bash[0m
[38;2;0;183;235m[36m         â–’â–’â–’â–’â–’â–’              [37m     GPU:     Unknown[0m
[38;2;0;183;235m[36m        â–’â–’â–’â–’                 [37m     CPU:     72 vCPUs[0m
[38;2;0;183;235m[36m      â–’â–’â–’â–’                   [37m     Storage: 590G free of 688G[0m
[38;2;0;183;235m[36m     â–’â–’â–’                     [37m     Memory:  547 GB[0m
[38;2;0;183;235m[36m   â–’â–’â–’                       [37m     Mode:    Production[0m
[38;2;0;183;235m[36m  â–’â–’                         [0m
[38;2;0;183;235m[36m â–’                           [0m

[31m    WARNING: Storage is ephemeral and will be deleted on shutdown or crash.

anyio==4.11.0
argon2-cffi==25.1.0
argon2-cffi-bindings==25.1.0
arrow==1.3.0
asttokens==3.0.0
async-lru==2.0.5
attrs==25.4.0
babel==2.17.0
beautifulsoup4==4.14.2
bleach==6.2.0
blinker==1.4
certifi==2025.10.5
cffi==2.0.0
charset-normalizer==3.4.4
comm==0.2.3
contourpy==1.3.2
cryptography==3.4.8
cycler==0.12.1
dbus-python==1.2.18
debugpy==1.8.17
decorator==5.2.1
defusedxml==0.7.1
distro==1.7.0
distro-info==1.1+ubuntu0.2
exceptiongroup==1.3.0
executing==2.2.1
fastjsonschema==2.21.2
filelock==3.20.0
fonttools==4.60.1
fqdn==1.5.1
fsspec==2025.9.0
gyp==0.1
h11==0.16.0
httpcore==1.0.9
httplib2==0.20.2
httpx==0.28.1
idna==3.11
importlib-metadata==4.6.4
ipykernel==7.0.1
ipython==8.37.0
isoduration==20.11.0
jedi==0.19.2
jeepney==0.7.1
Jinja2==3.1.6
joblib==1.5.2
json5==0.12.1
jsonpointer==3.0.0
jsonschema==4.25.1
jsonschema-specifications==2025.9.1
jupyter-events==0.12.0
jupyter-lsp==2.3.0
jupyter_client==8.6.3
jupyter_core==5.8.1
jupyter_server==2.17.0
jupyter_server_terminals==0.5.3
jupyterlab==4.4.9
jupyterlab_pygments==0.3.0
jupyterlab_server==2.27.3
keyring==23.5.0
kiwisolver==1.4.9
lark==1.3.0
launchpadlib==1.10.16
lazr.restfulclient==0.14.4
lazr.uri==1.0.6
MarkupSafe==3.0.3
matplotlib==3.10.7
matplotlib-inline==0.1.7
mistune==3.1.4
more-itertools==8.10.0
mpmath==1.3.0
nbclient==0.10.2
nbconvert==7.16.6
nbformat==5.10.4
nest-asyncio==1.6.0
networkx==3.4.2
notebook_shim==0.2.4
numpy==2.2.6
nvidia-cublas-cu12==12.8.4.1
nvidia-cuda-cupti-cu12==12.8.90
nvidia-cuda-nvrtc-cu12==12.8.93
nvidia-cuda-runtime-cu12==12.8.90
nvidia-cudnn-cu12==9.10.2.21
nvidia-cufft-cu12==11.3.3.83
nvidia-cufile-cu12==1.13.1.3
nvidia-curand-cu12==10.3.9.90
nvidia-cusolver-cu12==11.7.3.90
nvidia-cusparse-cu12==12.5.8.93
nvidia-cusparselt-cu12==0.7.1
nvidia-nccl-cu12==2.27.5
nvidia-nvjitlink-cu12==12.8.93
nvidia-nvshmem-cu12==3.3.20
nvidia-nvtx-cu12==12.8.90
oauthlib==3.2.0
overrides==7.7.0
packaging==25.0
pandas==2.3.3
pandocfilters==1.5.1
parso==0.8.5
pexpect==4.9.0
pillow==12.0.0
platformdirs==4.5.0
prometheus_client==0.23.1
prompt_toolkit==3.0.52
psutil==7.1.0
ptyprocess==0.7.0
pure_eval==0.2.3
pycparser==2.23
Pygments==2.19.2
PyGObject==3.42.1
PyJWT==2.3.0
pyparsing==3.2.5
python-apt==2.4.0+ubuntu4
python-dateutil==2.9.0.post0
python-json-logger==4.0.0
pytz==2025.2
PyYAML==6.0.3
pyzmq==27.1.0
referencing==0.37.0
requests==2.32.5
rfc3339-validator==0.1.4
rfc3986-validator==0.1.1
rfc3987-syntax==1.1.0
rpds-py==0.27.1
scikit-learn==1.7.2
scipy==1.15.3
screen-resolution-extra==0.0.0
seaborn==0.13.2
SecretStorage==3.3.1
Send2Trash==1.8.3
six==1.17.0
sniffio==1.3.1
soupsieve==2.8
ssh-import-id==5.11
stack-data==0.6.3
sympy==1.14.0
terminado==0.18.1
threadpoolctl==3.6.0
tinycss2==1.4.0
tomli==2.3.0
torch==2.9.0
torchaudio==2.9.0
torchvision==0.24.0
tornado==6.5.2
traitlets==5.14.3
triton==3.5.0
types-python-dateutil==2.9.0.20251008
typing_extensions==4.15.0
tzdata==2025.2
unattended-upgrades==0.1
uri-template==1.3.0
urllib3==2.5.0
wadllib==1.3.6
wcwidth==0.2.14
webcolors==24.11.1
webencodings==0.5.1
websocket-client==1.9.0
xkit==0.0.0
zipp==1.0.0

$ uv --version
[38;2;0;183;235m[36m                         â–’â–’  [0m
[38;2;0;183;235m[36m                      â–’â–’â–’    [0m
[38;2;0;183;235m[36m                   â–’â–’â–’â–’â–’     [0m
[38;2;0;183;235m[36m               â–’â–’â–’â–’â–’â–’â–’â–’      [38;2;0;183;235m[36m     â•­â”€â”€â”€â”€â”€â”€â”€â”€â”€â”€â”€â”€â”€â”€â”€â”€â”€â”€â”€â”€â”€â”€â”€â”€â”€â”€â”€â”€â”€â”€â”€â”€â”€â”€â”€â•®[0m
[38;2;0;183;235m[36m            â–’â–’â–’â–’â–’â–’â–’â–’â–’        [38;2;0;183;235m[36m     â”‚    Welcome to Thunder Compute!    â”‚[0m
[38;2;0;183;235m[36m        â–’â–’â–’â–’â–’â–’â–’â–’â–’â–’â–’â–’â–’â–’â–’â–’â–’â–’â–’â–’ [38;2;0;183;235m[36m     â”‚    For help, join our Discord:    â”‚[0m
[38;2;0;183;235m[36m                      â–’â–’â–’    [38;2;0;183;235m[36m     â”‚       [37mdiscord.gg/nwuETS9jJK[38;2;0;183;235m[36m       â”‚[0m
[38;2;0;183;235m[36m â–’â–’â–’â–’â–’â–’â–’â–’â–’â–’â–’â–’â–’â–’â–’â–’   â–’â–’â–’      [38;2;0;183;235m[36m     â•°â”€â”€â”€â”€â”€â”€â”€â”€â”€â”€â”€â”€â”€â”€â”€â”€â”€â”€â”€â”€â”€â”€â”€â”€â”€â”€â”€â”€â”€â”€â”€â”€â”€â”€â”€â•¯[0m
[38;2;0;183;235m[36m             â–’â–’â–’  â–’â–’â–’        [0m
[38;2;0;183;235m[36m            â–’â–’â–’â–’â–’â–’â–’          [37m     OS:      Ubuntu 22.04.5 LTS x86_64[0m
[38;2;0;183;235m[36m          â–’â–’â–’â–’â–’â–’â–’            [37m     Shell:   /bin/bash[0m
[38;2;0;183;235m[36m         â–’â–’â–’â–’â–’â–’              [37m     GPU:     Unknown[0m
[38;2;0;183;235m[36m        â–’â–’â–’â–’                 [37m     CPU:     72 vCPUs[0m
[38;2;0;183;235m[36m      â–’â–’â–’â–’                   [37m     Storage: 590G free of 688G[0m
[38;2;0;183;235m[36m     â–’â–’â–’                     [37m     Memory:  547 GB[0m
[38;2;0;183;235m[36m   â–’â–’â–’                       [37m     Mode:    Production[0m
[38;2;0;183;235m[36m  â–’â–’                         [0m
[38;2;0;183;235m[36m â–’                           [0m

[31m    WARNING: Storage is ephemeral and will be deleted on shutdown or crash.

uv 0.9.18

$ uv pip list
[38;2;0;183;235m[36m                         â–’â–’  [0m
[38;2;0;183;235m[36m                      â–’â–’â–’    [0m
[38;2;0;183;235m[36m                   â–’â–’â–’â–’â–’     [0m
[38;2;0;183;235m[36m               â–’â–’â–’â–’â–’â–’â–’â–’      [38;2;0;183;235m[36m     â•­â”€â”€â”€â”€â”€â”€â”€â”€â”€â”€â”€â”€â”€â”€â”€â”€â”€â”€â”€â”€â”€â”€â”€â”€â”€â”€â”€â”€â”€â”€â”€â”€â”€â”€â”€â•®[0m
[38;2;0;183;235m[36m            â–’â–’â–’â–’â–’â–’â–’â–’â–’        [38;2;0;183;235m[36m     â”‚    Welcome to Thunder Compute!    â”‚[0m
[38;2;0;183;235m[36m        â–’â–’â–’â–’â–’â–’â–’â–’â–’â–’â–’â–’â–’â–’â–’â–’â–’â–’â–’â–’ [38;2;0;183;235m[36m     â”‚    For help, join our Discord:    â”‚[0m
[38;2;0;183;235m[36m                      â–’â–’â–’    [38;2;0;183;235m[36m     â”‚       [37mdiscord.gg/nwuETS9jJK[38;2;0;183;235m[36m       â”‚[0m
[38;2;0;183;235m[36m â–’â–’â–’â–’â–’â–’â–’â–’â–’â–’â–’â–’â–’â–’â–’â–’   â–’â–’â–’      [38;2;0;183;235m[36m     â•°â”€â”€â”€â”€â”€â”€â”€â”€â”€â”€â”€â”€â”€â”€â”€â”€â”€â”€â”€â”€â”€â”€â”€â”€â”€â”€â”€â”€â”€â”€â”€â”€â”€â”€â”€â•¯[0m
[38;2;0;183;235m[36m             â–’â–’â–’  â–’â–’â–’        [0m
[38;2;0;183;235m[36m            â–’â–’â–’â–’â–’â–’â–’          [37m     OS:      Ubuntu 22.04.5 LTS x86_64[0m
[38;2;0;183;235m[36m          â–’â–’â–’â–’â–’â–’â–’            [37m     Shell:   /bin/bash[0m
[38;2;0;183;235m[36m         â–’â–’â–’â–’â–’â–’              [37m     GPU:     Unknown[0m
[38;2;0;183;235m[36m        â–’â–’â–’â–’                 [37m     CPU:     72 vCPUs[0m
[38;2;0;183;235m[36m      â–’â–’â–’â–’                   [37m     Storage: 590G free of 688G[0m
[38;2;0;183;235m[36m     â–’â–’â–’                     [37m     Memory:  547 GB[0m
[38;2;0;183;235m[36m   â–’â–’â–’                       [37m     Mode:    Production[0m
[38;2;0;183;235m[36m  â–’â–’                         [0m
[38;2;0;183;235m[36m â–’                           [0m

[31m    WARNING: Storage is ephemeral and will be deleted on shutdown or crash.

Using Python 3.11.14 environment at: .local/share/uv/python/cpython-3.11.14-linux-x86_64-gnu
Package    Version
---------- -------
pip        25.3
setuptools 80.9.0

$ conda --version
[38;2;0;183;235m[36m                         â–’â–’  [0m
[38;2;0;183;235m[36m                      â–’â–’â–’    [0m
[38;2;0;183;235m[36m                   â–’â–’â–’â–’â–’     [0m
[38;2;0;183;235m[36m               â–’â–’â–’â–’â–’â–’â–’â–’      [38;2;0;183;235m[36m     â•­â”€â”€â”€â”€â”€â”€â”€â”€â”€â”€â”€â”€â”€â”€â”€â”€â”€â”€â”€â”€â”€â”€â”€â”€â”€â”€â”€â”€â”€â”€â”€â”€â”€â”€â”€â•®[0m
[38;2;0;183;235m[36m            â–’â–’â–’â–’â–’â–’â–’â–’â–’        [38;2;0;183;235m[36m     â”‚    Welcome to Thunder Compute!    â”‚[0m
[38;2;0;183;235m[36m        â–’â–’â–’â–’â–’â–’â–’â–’â–’â–’â–’â–’â–’â–’â–’â–’â–’â–’â–’â–’ [38;2;0;183;235m[36m     â”‚    For help, join our Discord:    â”‚[0m
[38;2;0;183;235m[36m                      â–’â–’â–’    [38;2;0;183;235m[36m     â”‚       [37mdiscord.gg/nwuETS9jJK[38;2;0;183;235m[36m       â”‚[0m
[38;2;0;183;235m[36m â–’â–’â–’â–’â–’â–’â–’â–’â–’â–’â–’â–’â–’â–’â–’â–’   â–’â–’â–’      [38;2;0;183;235m[36m     â•°â”€â”€â”€â”€â”€â”€â”€â”€â”€â”€â”€â”€â”€â”€â”€â”€â”€â”€â”€â”€â”€â”€â”€â”€â”€â”€â”€â”€â”€â”€â”€â”€â”€â”€â”€â•¯[0m
[38;2;0;183;235m[36m             â–’â–’â–’  â–’â–’â–’        [0m
[38;2;0;183;235m[36m            â–’â–’â–’â–’â–’â–’â–’          [37m     OS:      Ubuntu 22.04.5 LTS x86_64[0m
[38;2;0;183;235m[36m          â–’â–’â–’â–’â–’â–’â–’            [37m     Shell:   /bin/bash[0m
[38;2;0;183;235m[36m         â–’â–’â–’â–’â–’â–’              [37m     GPU:     Unknown[0m
[38;2;0;183;235m[36m        â–’â–’â–’â–’                 [37m     CPU:     72 vCPUs[0m
[38;2;0;183;235m[36m      â–’â–’â–’â–’                   [37m     Storage: 590G free of 688G[0m
[38;2;0;183;235m[36m     â–’â–’â–’                     [37m     Memory:  547 GB[0m
[38;2;0;183;235m[36m   â–’â–’â–’                       [37m     Mode:    Production[0m
[38;2;0;183;235m[36m  â–’â–’                         [0m
[38;2;0;183;235m[36m â–’                           [0m

[31m    WARNING: Storage is ephemeral and will be deleted on shutdown or crash.

bash: line 1: conda: command not found
[exit 127]

$ conda info
[38;2;0;183;235m[36m                         â–’â–’  [0m
[38;2;0;183;235m[36m                      â–’â–’â–’    [0m
[38;2;0;183;235m[36m                   â–’â–’â–’â–’â–’     [0m
[38;2;0;183;235m[36m               â–’â–’â–’â–’â–’â–’â–’â–’      [38;2;0;183;235m[36m     â•­â”€â”€â”€â”€â”€â”€â”€â”€â”€â”€â”€â”€â”€â”€â”€â”€â”€â”€â”€â”€â”€â”€â”€â”€â”€â”€â”€â”€â”€â”€â”€â”€â”€â”€â”€â•®[0m
[38;2;0;183;235m[36m            â–’â–’â–’â–’â–’â–’â–’â–’â–’        [38;2;0;183;235m[36m     â”‚    Welcome to Thunder Compute!    â”‚[0m
[38;2;0;183;235m[36m        â–’â–’â–’â–’â–’â–’â–’â–’â–’â–’â–’â–’â–’â–’â–’â–’â–’â–’â–’â–’ [38;2;0;183;235m[36m     â”‚    For help, join our Discord:    â”‚[0m
[38;2;0;183;235m[36m                      â–’â–’â–’    [38;2;0;183;235m[36m     â”‚       [37mdiscord.gg/nwuETS9jJK[38;2;0;183;235m[36m       â”‚[0m
[38;2;0;183;235m[36m â–’â–’â–’â–’â–’â–’â–’â–’â–’â–’â–’â–’â–’â–’â–’â–’   â–’â–’â–’      [38;2;0;183;235m[36m     â•°â”€â”€â”€â”€â”€â”€â”€â”€â”€â”€â”€â”€â”€â”€â”€â”€â”€â”€â”€â”€â”€â”€â”€â”€â”€â”€â”€â”€â”€â”€â”€â”€â”€â”€â”€â•¯[0m
[38;2;0;183;235m[36m             â–’â–’â–’  â–’â–’â–’        [0m
[38;2;0;183;235m[36m            â–’â–’â–’â–’â–’â–’â–’          [37m     OS:      Ubuntu 22.04.5 LTS x86_64[0m
[38;2;0;183;235m[36m          â–’â–’â–’â–’â–’â–’â–’            [37m     Shell:   /bin/bash[0m
[38;2;0;183;235m[36m         â–’â–’â–’â–’â–’â–’              [37m     GPU:     Unknown[0m
[38;2;0;183;235m[36m        â–’â–’â–’â–’                 [37m     CPU:     72 vCPUs[0m
[38;2;0;183;235m[36m      â–’â–’â–’â–’                   [37m     Storage: 590G free of 688G[0m
[38;2;0;183;235m[36m     â–’â–’â–’                     [37m     Memory:  547 GB[0m
[38;2;0;183;235m[36m   â–’â–’â–’                       [37m     Mode:    Production[0m
[38;2;0;183;235m[36m  â–’â–’                         [0m
[38;2;0;183;235m[36m â–’                           [0m

[31m    WARNING: Storage is ephemeral and will be deleted on shutdown or crash.

bash: line 1: conda: command not found
[exit 127]

$ conda list
[38;2;0;183;235m[36m                         â–’â–’  [0m
[38;2;0;183;235m[36m                      â–’â–’â–’    [0m
[38;2;0;183;235m[36m                   â–’â–’â–’â–’â–’     [0m
[38;2;0;183;235m[36m               â–’â–’â–’â–’â–’â–’â–’â–’      [38;2;0;183;235m[36m     â•­â”€â”€â”€â”€â”€â”€â”€â”€â”€â”€â”€â”€â”€â”€â”€â”€â”€â”€â”€â”€â”€â”€â”€â”€â”€â”€â”€â”€â”€â”€â”€â”€â”€â”€â”€â•®[0m
[38;2;0;183;235m[36m            â–’â–’â–’â–’â–’â–’â–’â–’â–’        [38;2;0;183;235m[36m     â”‚    Welcome to Thunder Compute!    â”‚[0m
[38;2;0;183;235m[36m        â–’â–’â–’â–’â–’â–’â–’â–’â–’â–’â–’â–’â–’â–’â–’â–’â–’â–’â–’â–’ [38;2;0;183;235m[36m     â”‚    For help, join our Discord:    â”‚[0m
[38;2;0;183;235m[36m                      â–’â–’â–’    [38;2;0;183;235m[36m     â”‚       [37mdiscord.gg/nwuETS9jJK[38;2;0;183;235m[36m       â”‚[0m
[38;2;0;183;235m[36m â–’â–’â–’â–’â–’â–’â–’â–’â–’â–’â–’â–’â–’â–’â–’â–’   â–’â–’â–’      [38;2;0;183;235m[36m     â•°â”€â”€â”€â”€â”€â”€â”€â”€â”€â”€â”€â”€â”€â”€â”€â”€â”€â”€â”€â”€â”€â”€â”€â”€â”€â”€â”€â”€â”€â”€â”€â”€â”€â”€â”€â•¯[0m
[38;2;0;183;235m[36m             â–’â–’â–’  â–’â–’â–’        [0m
[38;2;0;183;235m[36m            â–’â–’â–’â–’â–’â–’â–’          [37m     OS:      Ubuntu 22.04.5 LTS x86_64[0m
[38;2;0;183;235m[36m          â–’â–’â–’â–’â–’â–’â–’            [37m     Shell:   /bin/bash[0m
[38;2;0;183;235m[36m         â–’â–’â–’â–’â–’â–’              [37m     GPU:     Unknown[0m
[38;2;0;183;235m[36m        â–’â–’â–’â–’                 [37m     CPU:     72 vCPUs[0m
[38;2;0;183;235m[36m      â–’â–’â–’â–’                   [37m     Storage: 590G free of 688G[0m
[38;2;0;183;235m[36m     â–’â–’â–’                     [37m     Memory:  547 GB[0m
[38;2;0;183;235m[36m   â–’â–’â–’                       [37m     Mode:    Production[0m
[38;2;0;183;235m[36m  â–’â–’                         [0m
[38;2;0;183;235m[36m â–’                           [0m

[31m    WARNING: Storage is ephemeral and will be deleted on shutdown or crash.

bash: line 1: conda: command not found
[exit 127]

== Git (if repo) ==

== Config snapshots ==

$ ls -la
[38;2;0;183;235m[36m                         â–’â–’  [0m
[38;2;0;183;235m[36m                      â–’â–’â–’    [0m
[38;2;0;183;235m[36m                   â–’â–’â–’â–’â–’     [0m
[38;2;0;183;235m[36m               â–’â–’â–’â–’â–’â–’â–’â–’      [38;2;0;183;235m[36m     â•­â”€â”€â”€â”€â”€â”€â”€â”€â”€â”€â”€â”€â”€â”€â”€â”€â”€â”€â”€â”€â”€â”€â”€â”€â”€â”€â”€â”€â”€â”€â”€â”€â”€â”€â”€â•®[0m
[38;2;0;183;235m[36m            â–’â–’â–’â–’â–’â–’â–’â–’â–’        [38;2;0;183;235m[36m     â”‚    Welcome to Thunder Compute!    â”‚[0m
[38;2;0;183;235m[36m        â–’â–’â–’â–’â–’â–’â–’â–’â–’â–’â–’â–’â–’â–’â–’â–’â–’â–’â–’â–’ [38;2;0;183;235m[36m     â”‚    For help, join our Discord:    â”‚[0m
[38;2;0;183;235m[36m                      â–’â–’â–’    [38;2;0;183;235m[36m     â”‚       [37mdiscord.gg/nwuETS9jJK[38;2;0;183;235m[36m       â”‚[0m
[38;2;0;183;235m[36m â–’â–’â–’â–’â–’â–’â–’â–’â–’â–’â–’â–’â–’â–’â–’â–’   â–’â–’â–’      [38;2;0;183;235m[36m     â•°â”€â”€â”€â”€â”€â”€â”€â”€â”€â”€â”€â”€â”€â”€â”€â”€â”€â”€â”€â”€â”€â”€â”€â”€â”€â”€â”€â”€â”€â”€â”€â”€â”€â”€â”€â•¯[0m
[38;2;0;183;235m[36m             â–’â–’â–’  â–’â–’â–’        [0m
[38;2;0;183;235m[36m            â–’â–’â–’â–’â–’â–’â–’          [37m     OS:      Ubuntu 22.04.5 LTS x86_64[0m
[38;2;0;183;235m[36m          â–’â–’â–’â–’â–’â–’â–’            [37m     Shell:   /bin/bash[0m
[38;2;0;183;235m[36m         â–’â–’â–’â–’â–’â–’              [37m     GPU:     Unknown[0m
[38;2;0;183;235m[36m        â–’â–’â–’â–’                 [37m     CPU:     72 vCPUs[0m
[38;2;0;183;235m[36m      â–’â–’â–’â–’                   [37m     Storage: 590G free of 688G[0m
[38;2;0;183;235m[36m     â–’â–’â–’                     [37m     Memory:  547 GB[0m
[38;2;0;183;235m[36m   â–’â–’â–’                       [37m     Mode:    Production[0m
[38;2;0;183;235m[36m  â–’â–’                         [0m
[38;2;0;183;235m[36m â–’                           [0m

[31m    WARNING: Storage is ephemeral and will be deleted on shutdown or crash.

total 192
drwxr-x---  1 ubuntu ubuntu   4096 Dec 26 08:54 .
drwxr-xr-x  1 ubuntu ubuntu   4096 Oct 15 18:28 ..
-rw-------  1 ubuntu ubuntu   5401 Dec 26 08:42 .bash_history
-rw-r--r--  1 ubuntu ubuntu    220 Jan  6  2022 .bash_logout
-rw-r--r--  1 ubuntu ubuntu   2495 Dec 26 05:13 .bashrc
drwx------  6 ubuntu ubuntu   4096 Dec 26 07:29 .cache
drwxr-xr-x  5 ubuntu ubuntu   4096 Dec 26 08:25 .config
drwxr-xr-x  3 ubuntu ubuntu   4096 Dec 26 05:15 .dotnet
-rw-r--r--  1 ubuntu ubuntu      0 Oct 15 18:28 .hushlogin
drwxr-xr-x  4 ubuntu ubuntu   4096 Dec 26 05:30 .local
drwxr-xr-x  3 ubuntu ubuntu     46 Oct 15 18:28 .nano
-rw-r--r--  1 ubuntu ubuntu    696 Oct 15 18:28 .nanorc
drwx------  3 ubuntu ubuntu   4096 Dec 26 05:42 .nv
-rw-r--r--  1 ubuntu ubuntu    807 Jan  6  2022 .profile
drwx------  2 ubuntu ubuntu   4096 Dec 26 05:13 .ssh
drwxr-xr-x  1 ubuntu ubuntu   4096 Dec 26 05:15 .thunder
drwxr-xr-x  4 ubuntu ubuntu   4096 Dec 26 07:04 .triton
-rw-r--r--  1 ubuntu ubuntu    318 Oct 15 18:28 .vimrc
drwxr-x---  5 ubuntu ubuntu   4096 Dec 26 05:15 .vscode-server
-rw-r--r--  1 ubuntu ubuntu    183 Dec 26 05:15 .wget-hsts
drwxr-xr-x 10 ubuntu ubuntu   4096 Dec 26 08:51 Qwen-finetune
-rwxr-xr-x  1 ubuntu ubuntu   3032 Dec 26 08:54 collect_env_snapshot.sh
-rw-r--r--  1 ubuntu ubuntu 112511 Dec 26 08:54 env_snapshot_20251226_085433.txt

$ sed -n "1,200p" src/axolotl_configs/qwen_finetune.yml
[38;2;0;183;235m[36m                         â–’â–’  [0m
[38;2;0;183;235m[36m                      â–’â–’â–’    [0m
[38;2;0;183;235m[36m                   â–’â–’â–’â–’â–’     [0m
[38;2;0;183;235m[36m               â–’â–’â–’â–’â–’â–’â–’â–’      [38;2;0;183;235m[36m     â•­â”€â”€â”€â”€â”€â”€â”€â”€â”€â”€â”€â”€â”€â”€â”€â”€â”€â”€â”€â”€â”€â”€â”€â”€â”€â”€â”€â”€â”€â”€â”€â”€â”€â”€â”€â•®[0m
[38;2;0;183;235m[36m            â–’â–’â–’â–’â–’â–’â–’â–’â–’        [38;2;0;183;235m[36m     â”‚    Welcome to Thunder Compute!    â”‚[0m
[38;2;0;183;235m[36m        â–’â–’â–’â–’â–’â–’â–’â–’â–’â–’â–’â–’â–’â–’â–’â–’â–’â–’â–’â–’ [38;2;0;183;235m[36m     â”‚    For help, join our Discord:    â”‚[0m
[38;2;0;183;235m[36m                      â–’â–’â–’    [38;2;0;183;235m[36m     â”‚       [37mdiscord.gg/nwuETS9jJK[38;2;0;183;235m[36m       â”‚[0m
[38;2;0;183;235m[36m â–’â–’â–’â–’â–’â–’â–’â–’â–’â–’â–’â–’â–’â–’â–’â–’   â–’â–’â–’      [38;2;0;183;235m[36m     â•°â”€â”€â”€â”€â”€â”€â”€â”€â”€â”€â”€â”€â”€â”€â”€â”€â”€â”€â”€â”€â”€â”€â”€â”€â”€â”€â”€â”€â”€â”€â”€â”€â”€â”€â”€â•¯[0m
[38;2;0;183;235m[36m             â–’â–’â–’  â–’â–’â–’        [0m
[38;2;0;183;235m[36m            â–’â–’â–’â–’â–’â–’â–’          [37m     OS:      Ubuntu 22.04.5 LTS x86_64[0m
[38;2;0;183;235m[36m          â–’â–’â–’â–’â–’â–’â–’            [37m     Shell:   /bin/bash[0m
[38;2;0;183;235m[36m         â–’â–’â–’â–’â–’â–’              [37m     GPU:     Unknown[0m
[38;2;0;183;235m[36m        â–’â–’â–’â–’                 [37m     CPU:     72 vCPUs[0m
[38;2;0;183;235m[36m      â–’â–’â–’â–’                   [37m     Storage: 590G free of 688G[0m
[38;2;0;183;235m[36m     â–’â–’â–’                     [37m     Memory:  547 GB[0m
[38;2;0;183;235m[36m   â–’â–’â–’                       [37m     Mode:    Production[0m
[38;2;0;183;235m[36m  â–’â–’                         [0m
[38;2;0;183;235m[36m â–’                           [0m

[31m    WARNING: Storage is ephemeral and will be deleted on shutdown or crash.

sed: can't read src/axolotl_configs/qwen_finetune.yml: No such file or directory
[exit 2]

$ sed -n "1,200p" requirements.txt
[38;2;0;183;235m[36m                         â–’â–’  [0m
[38;2;0;183;235m[36m                      â–’â–’â–’    [0m
[38;2;0;183;235m[36m                   â–’â–’â–’â–’â–’     [0m
[38;2;0;183;235m[36m               â–’â–’â–’â–’â–’â–’â–’â–’      [38;2;0;183;235m[36m     â•­â”€â”€â”€â”€â”€â”€â”€â”€â”€â”€â”€â”€â”€â”€â”€â”€â”€â”€â”€â”€â”€â”€â”€â”€â”€â”€â”€â”€â”€â”€â”€â”€â”€â”€â”€â•®[0m
[38;2;0;183;235m[36m            â–’â–’â–’â–’â–’â–’â–’â–’â–’        [38;2;0;183;235m[36m     â”‚    Welcome to Thunder Compute!    â”‚[0m
[38;2;0;183;235m[36m        â–’â–’â–’â–’â–’â–’â–’â–’â–’â–’â–’â–’â–’â–’â–’â–’â–’â–’â–’â–’ [38;2;0;183;235m[36m     â”‚    For help, join our Discord:    â”‚[0m
[38;2;0;183;235m[36m                      â–’â–’â–’    [38;2;0;183;235m[36m     â”‚       [37mdiscord.gg/nwuETS9jJK[38;2;0;183;235m[36m       â”‚[0m
[38;2;0;183;235m[36m â–’â–’â–’â–’â–’â–’â–’â–’â–’â–’â–’â–’â–’â–’â–’â–’   â–’â–’â–’      [38;2;0;183;235m[36m     â•°â”€â”€â”€â”€â”€â”€â”€â”€â”€â”€â”€â”€â”€â”€â”€â”€â”€â”€â”€â”€â”€â”€â”€â”€â”€â”€â”€â”€â”€â”€â”€â”€â”€â”€â”€â•¯[0m
[38;2;0;183;235m[36m             â–’â–’â–’  â–’â–’â–’        [0m
[38;2;0;183;235m[36m            â–’â–’â–’â–’â–’â–’â–’          [37m     OS:      Ubuntu 22.04.5 LTS x86_64[0m
[38;2;0;183;235m[36m          â–’â–’â–’â–’â–’â–’â–’            [37m     Shell:   /bin/bash[0m
[38;2;0;183;235m[36m         â–’â–’â–’â–’â–’â–’              [37m     GPU:     Unknown[0m
[38;2;0;183;235m[36m        â–’â–’â–’â–’                 [37m     CPU:     72 vCPUs[0m
[38;2;0;183;235m[36m      â–’â–’â–’â–’                   [37m     Storage: 590G free of 688G[0m
[38;2;0;183;235m[36m     â–’â–’â–’                     [37m     Memory:  547 GB[0m
[38;2;0;183;235m[36m   â–’â–’â–’                       [37m     Mode:    Production[0m
[38;2;0;183;235m[36m  â–’â–’                         [0m
[38;2;0;183;235m[36m â–’                           [0m

[31m    WARNING: Storage is ephemeral and will be deleted on shutdown or crash.

sed: can't read requirements.txt: No such file or directory
[exit 2]

== DONE: env_snapshot_20251226_085433.txt ==
